


ARM Macro Assembler    Page 1 


    1 00000000         ; Print.s
    2 00000000         ; Student names: change this to your names or look very 
                       silly
    3 00000000         ; Last modification date: change this to the last modifi
                       cation date or look very silly
    4 00000000         ; Runs on LM4F120 or TM4C123
    5 00000000         ; EE319K lab 7 device driver for any LCD
    6 00000000         ;
    7 00000000         ; As part of Lab 7, students need to implement these LCD
                       _OutDec and LCD_OutFix
    8 00000000         ; This driver assumes two low-level LCD functions
    9 00000000         ; ST7735_OutChar   outputs a single 8-bit ASCII characte
                       r
   10 00000000         ; ST7735_OutString outputs a null-terminated string 
   11 00000000         
   12 00000000                 IMPORT           ST7735_OutChar
   13 00000000                 IMPORT           ST7735_OutString
   14 00000000                 EXPORT           LCD_OutDec
   15 00000000                 EXPORT           LCD_OutFix
   16 00000000         
   17 00000000 00000000 
                       d       equ              0
   18 00000000 00000004 
                       ctr     equ              4
   19 00000000         
   20 00000000                 AREA             |.text|, CODE, READONLY, ALIGN=
2
   21 00000000         
   22 00000000 20 63 6D 
              00       cm      DCB              0x20, 0x63, 0x6D, 0x00
   23 00000004         
   24 00000004                 THUMB
   25 00000004         
   26 00000004         
   27 00000004         
   28 00000004         ;-----------------------LCD_OutDec----------------------
                       -
   29 00000004         ; Output a 32-bit number in unsigned decimal format
   30 00000004         ; Input: R0 (call by value) 32-bit unsigned number
   31 00000004         ; Output: none
   32 00000004         ; Invariables: This function must not permanently modify
                        registers R4 to R11
   33 00000004         LCD_OutDec
   34 00000004 B082            SUB              SP, #8
   35 00000006 466A            MOV              R2, SP
   36 00000008 E92D 4800       PUSH             {R11, LR}
   37 0000000C 4693            MOV              R11, R2
   38 0000000E F04F 0200       MOV              R2, #0
   39 00000012 F8CB 2004       STR              R2, [R11, #ctr]
   40 00000016 4601            MOV              R1, R0
   41 00000018 2900            CMP              R1, #0
   42 0000001A D104            BNE              LOOP1
   43 0000001C F04F 0030       MOV              R0, #0x30
   44 00000020 F7FF FFFE       BL               ST7735_OutChar
   45 00000024 E025            B                DONEP
   46 00000026         LOOP1
   47 00000026 2900            CMP              R1, #0
   48 00000028 D013            BEQ              DONEPR
   49 0000002A F04F 020A       MOV              R2, #10



ARM Macro Assembler    Page 2 


   50 0000002E         
   51 0000002E FBB1 F0F2       UDIV             R0, R1, R2
   52 00000032 FB02 1010       MLS              R0, R2, R0, R1
   53 00000036         
   54 00000036 F8CB 0000       STR              R0, [R11, #d]
   55 0000003A F04F 020A       MOV              R2, #10
   56 0000003E FBB1 F1F2       UDIV             R1, R2
   57 00000042 B403            PUSH             {R0, R1}
   58 00000044 F8DB 2004       LDR              R2, [R11, #ctr]
   59 00000048 F102 0201       ADD              R2, #1
   60 0000004C F8CB 2004       STR              R2, [R11, #ctr]
   61 00000050 E7E9            B                LOOP1
   62 00000052         
   63 00000052         DONEPR
   64 00000052 F8DB 2004       LDR              R2, [R11, #ctr]
   65 00000056 2A00            CMP              R2, #0
   66 00000058 D00B            BEQ              DONEP
   67 0000005A BC03            POP              {R0, R1}
   68 0000005C F040 0030       ORR              R0, #0x30
   69 00000060 F7FF FFFE       BL               ST7735_OutChar
   70 00000064 F8DB 2004       LDR              R2, [R11, #ctr]
   71 00000068 F1A2 0201       SUB              R2, #1
   72 0000006C F8CB 2004       STR              R2, [R11, #ctr]
   73 00000070 E7EF            B                DONEPR
   74 00000072         
   75 00000072         DONEP
   76 00000072 E8BD 4800       POP              {R11, LR}
   77 00000076 B002            ADD              SP, #8
   78 00000078 4770            BX               LR
   79 0000007A         ;* * * * * * * * End of LCD_OutDec * * * * * * * *
   80 0000007A         
   81 0000007A         ; -----------------------LCD _OutFix--------------------
                       --
   82 0000007A         ; Output characters to LCD display in fixed-point format
                       
   83 0000007A         ; unsigned decimal, resolution 0.001, range 0.000 to 9.9
                       99
   84 0000007A         ; Inputs:  R0 is an unsigned 32-bit number
   85 0000007A         ; Outputs: none
   86 0000007A         ; E.g., R0=0,    then output "0.000 "
   87 0000007A         ;       R0=3,    then output "0.003 "
   88 0000007A         ;       R0=89,   then output "0.089 "
   89 0000007A         ;       R0=123,  then output "0.123 "
   90 0000007A         ;       R0=9999, then output "9.999 "
   91 0000007A         ;       R0>9999, then output "*.*** "
   92 0000007A         ; Invariables: This function must not permanently modify
                        registers R4 to R11
   93 0000007A         LCD_OutFix
   94 0000007A B082            SUB              SP, #8      ; R1 -> data , R0 -
                                                            > d
   95 0000007C 466A            MOV              R2, SP
   96 0000007E E92D 4830       PUSH             {R11, LR, R4, R5}
   97 00000082 4693            MOV              R11, R2
   98 00000084 4601            MOV              R1, R0
   99 00000086         
  100 00000086 F242 720F       LDR              R2, =9999
  101 0000008A 4291            CMP              R1, R2
  102 0000008C D914            BLS              NORMAL
  103 0000008E F04F 002A       MOV              R0, #0x2A



ARM Macro Assembler    Page 3 


  104 00000092 F7FF FFFE       BL               ST7735_OutChar
  105 00000096 F04F 002E       MOV              R0, #0x2E
  106 0000009A F7FF FFFE       BL               ST7735_OutChar
  107 0000009E F04F 002A       MOV              R0, #0x2A
  108 000000A2 F7FF FFFE       BL               ST7735_OutChar
  109 000000A6 F04F 002A       MOV              R0, #0x2A
  110 000000AA F7FF FFFE       BL               ST7735_OutChar
  111 000000AE F04F 002A       MOV              R0, #0x2A
  112 000000B2 F7FF FFFE       BL               ST7735_OutChar
  113 000000B6 E043            B                DONEAst
  114 000000B8         
  115 000000B8         NORMAL
  116 000000B8 F44F 727A       MOV              R2, #1000
  117 000000BC FBB0 F0F2       UDIV             R0, R0, R2
  118 000000C0 F8CB 0000       STR              R0, [R11, #d]
  119 000000C4 F040 0030       ORR              R0, #0x30
  120 000000C8 B406            PUSH             {R1, R2}
  121 000000CA F7FF FFFE       BL               ST7735_OutChar
  122 000000CE F04F 002E       MOV              R0, #0x2E
  123 000000D2 F7FF FFFE       BL               ST7735_OutChar
  124 000000D6 BC06            POP              {R1, R2}
  125 000000D8 F44F 727A       MOV              R2, #1000
  126 000000DC FBB1 F0F2       UDIV             R0, R1, R2
  127 000000E0 FB02 1110       MLS              R1, R2, R0, R1
  128 000000E4 F04F 0264       MOV              R2, #100
  129 000000E8 FBB1 F0F2       UDIV             R0, R1, R2
  130 000000EC F8CB 0000       STR              R0, [R11, #d]
  131 000000F0 F040 0030       ORR              R0, #0x30
  132 000000F4 B406            PUSH             {R1, R2}
  133 000000F6 F7FF FFFE       BL               ST7735_OutChar
  134 000000FA BC06            POP              {R1, R2}
  135 000000FC F04F 0264       MOV              R2, #100
  136 00000100 FBB1 F0F2       UDIV             R0, R1, R2
  137 00000104 FB02 1110       MLS              R1, R2, R0, R1
  138 00000108 F04F 020A       MOV              R2, #10
  139 0000010C FBB1 F0F2       UDIV             R0, R1, R2
  140 00000110 F8CB 0000       STR              R0, [R11, #d]
  141 00000114 F040 0030       ORR              R0, #0x30
  142 00000118 B406            PUSH             {R1, R2}
  143 0000011A F7FF FFFE       BL               ST7735_OutChar
  144 0000011E BC06            POP              {R1, R2}
  145 00000120 F04F 020A       MOV              R2, #10
  146 00000124 FBB1 F0F2       UDIV             R0, R1, R2
  147 00000128 FB02 1110       MLS              R1, R2, R0, R1
  148 0000012C F04F 0201       MOV              R2, #1
  149 00000130 FBB1 F0F2       UDIV             R0, R1, R2
  150 00000134 F8CB 0000       STR              R0, [R11, #d]
  151 00000138 F040 0030       ORR              R0, #0x30
  152 0000013C F7FF FFFE       BL               ST7735_OutChar
  153 00000140         
  154 00000140         DONEAst
  155 00000140 4803            LDR              R0, =cm
  156 00000142 F7FF FFFE       BL               ST7735_OutString
  157 00000146         
  158 00000146 E8BD 4830       POP              {R11, LR, R4, R5}
  159 0000014A B002            ADD              SP, #8
  160 0000014C 4770            BX               LR
  161 0000014E         
  162 0000014E 00 00           ALIGN



ARM Macro Assembler    Page 4 


  163 00000150         ;* * * * * * * * End of LCD_OutFix * * * * * * * *
  164 00000150         
  165 00000150                 ALIGN                        ; make sure the end
                                                             of this section is
                                                             aligned
  166 00000150                 END                          ; end of file
              00000000 
Command Line: --debug --xref --cpu=Cortex-M4 --apcs=interwork --depend=.\print.
d -o.\print.o -IC:\Keil\ARM\RV31\INC -IC:\Keil\ARM\CMSIS\Include -IC:\Keil\ARM\
Inc\Luminary --list=.\print.lst Print.s



ARM Macro Assembler    Page 1 Alphabetic symbol ordering
Relocatable symbols

.text 00000000

Symbol: .text
   Definitions
      At line 20 in file Print.s
   Uses
      None
Comment: .text unused
DONEAst 00000140

Symbol: DONEAst
   Definitions
      At line 154 in file Print.s
   Uses
      At line 113 in file Print.s
Comment: DONEAst used once
DONEP 00000072

Symbol: DONEP
   Definitions
      At line 75 in file Print.s
   Uses
      At line 45 in file Print.s
      At line 66 in file Print.s

DONEPR 00000052

Symbol: DONEPR
   Definitions
      At line 63 in file Print.s
   Uses
      At line 48 in file Print.s
      At line 73 in file Print.s

LCD_OutDec 00000004

Symbol: LCD_OutDec
   Definitions
      At line 33 in file Print.s
   Uses
      At line 14 in file Print.s
Comment: LCD_OutDec used once
LCD_OutFix 0000007A

Symbol: LCD_OutFix
   Definitions
      At line 93 in file Print.s
   Uses
      At line 15 in file Print.s
Comment: LCD_OutFix used once
LOOP1 00000026

Symbol: LOOP1
   Definitions
      At line 46 in file Print.s
   Uses
      At line 42 in file Print.s
      At line 61 in file Print.s




ARM Macro Assembler    Page 2 Alphabetic symbol ordering
Relocatable symbols

NORMAL 000000B8

Symbol: NORMAL
   Definitions
      At line 115 in file Print.s
   Uses
      At line 102 in file Print.s
Comment: NORMAL used once
cm 00000000

Symbol: cm
   Definitions
      At line 22 in file Print.s
   Uses
      At line 155 in file Print.s
Comment: cm used once
9 symbols



ARM Macro Assembler    Page 1 Alphabetic symbol ordering
Absolute symbols

ctr 00000004

Symbol: ctr
   Definitions
      At line 18 in file Print.s
   Uses
      At line 39 in file Print.s
      At line 58 in file Print.s
      At line 60 in file Print.s
      At line 64 in file Print.s
      At line 70 in file Print.s
      At line 72 in file Print.s

d 00000000

Symbol: d
   Definitions
      At line 17 in file Print.s
   Uses
      At line 54 in file Print.s
      At line 118 in file Print.s
      At line 130 in file Print.s
      At line 140 in file Print.s
      At line 150 in file Print.s

2 symbols



ARM Macro Assembler    Page 1 Alphabetic symbol ordering
External symbols

ST7735_OutChar 00000000

Symbol: ST7735_OutChar
   Definitions
      At line 12 in file Print.s
   Uses
      At line 44 in file Print.s
      At line 69 in file Print.s
      At line 104 in file Print.s
      At line 106 in file Print.s
      At line 108 in file Print.s
      At line 110 in file Print.s
      At line 112 in file Print.s
      At line 121 in file Print.s
      At line 123 in file Print.s
      At line 133 in file Print.s
      At line 143 in file Print.s
      At line 152 in file Print.s

ST7735_OutString 00000000

Symbol: ST7735_OutString
   Definitions
      At line 13 in file Print.s
   Uses
      At line 156 in file Print.s
Comment: ST7735_OutString used once
2 symbols
345 symbols in table
