<html>
<body>
<pre>
<h1>µVision Build Log</h1>
<h2>Project:</h2>
C:\Users\David\Documents\UT Austin\EE 319K\SVN_Checkout_dc\students\cas6926_dc37875\Lab10\SpaceInvaders.uvproj
Project File Date:  05/02/2016

<h2>Output:</h2>
Rebuild target 'SpaceInvaders'
assembling startup.s...
assembling random.s...
compiling DAC.c...
compiling ADC.c...
compiling Timer0.c...
compiling Timer1.c...
compiling Sound.c...
assembling LCD.s...
assembling Print.s...
compiling SpaceInvaders.c...
compiling ST7735.c...
compiling SysTick.c...
linking...
Program Size: Code=11708 RO-data=17728 RW-data=22636 ZI-data=3340  
".\SpaceInvaders.axf" - 0 Error(s), 0 Warning(s).
Load "C:\\Users\\David\\Documents\\UT Austin\\EE 319K\\SVN_Checkout_dc\\students\\cas6926_dc37875\\Lab10\\SpaceInvaders.axf" 
Connecting: Mode=JTAG, Speed=1000000Hz
Erase Done.
Programming Done.
Verify OK.
</pre>
</body>
</html>
temp=10000;
SpaceInvaders.c(932): warning:  #177-D: variable "chesttemp" was declared but never referenced
                int temp=10000, temp1=0, chesttemp=10000;
SpaceInvaders.c: 4 warnings, 0 errors
compiling ST7735.c...
compiling SysTick.c...
linking...
Program Size: Code=11680 RO-data=17728 RW-data=22636 ZI-data=3340  
".\SpaceInvaders.axf" - 0 Error(s), 4 Warning(s).
