ARM Linker, 5.03 [Build 76] [MDK-ARM Professional]

==============================================================================

Section Cross References

    startup.o(STACK) refers (Special) to heapauxi.o(.text) for __use_two_region_memory
    startup.o(HEAP) refers (Special) to heapauxi.o(.text) for __use_two_region_memory
    startup.o(RESET) refers (Special) to heapauxi.o(.text) for __use_two_region_memory
    startup.o(RESET) refers to startup.o(STACK) for StackMem
    startup.o(RESET) refers to systick.o(i.SysTick_Handler) for SysTick_Handler
    startup.o(RESET) refers to sound.o(i.Timer0A_Handler) for Timer0A_Handler
    startup.o(RESET) refers to timer1.o(i.Timer1A_Handler) for Timer1A_Handler
    startup.o(RESET) refers to texas.o(.text) for Timer4A_Handler
    startup.o(RESET) refers to __main.o(!!!main) for __main
    startup.o(.text) refers (Special) to heapauxi.o(.text) for __use_two_region_memory
    startup.o(.text) refers to startup.o(HEAP) for HeapMem
    startup.o(.text) refers to startup.o(STACK) for StackMem
    random.o(.text) refers to random.o(DATA) for M
    adc.o(i.ADC_Init) refers to adc.o(.data) for delay
    timer1.o(i.Timer1A_Handler) refers to timer1.o(.data) for PeriodicTask1
    timer1.o(i.Timer1_Init) refers to timer1.o(.data) for PeriodicTask1
    sound.o(i.Sound_Explosion) refers to sound.o(i.Sound_Play) for Sound_Play
    sound.o(i.Sound_Explosion) refers to sound.o(.constdata) for explosion
    sound.o(i.Sound_Init) refers to dac.o(i.DAC_Init) for DAC_Init
    sound.o(i.Sound_Init) refers to sound.o(.data) for note
    sound.o(i.Sound_Killed) refers to sound.o(i.Sound_Play) for Sound_Play
    sound.o(i.Sound_Killed) refers to sound.o(.constdata) for invaderkilled
    sound.o(i.Sound_Play) refers to timer0.o(i.Timer0_Init) for Timer0_Init
    sound.o(i.Sound_Play) refers to sound.o(.data) for buff
    sound.o(i.Sound_Playerhit) refers to sound.o(i.Sound_Play) for Sound_Play
    sound.o(i.Sound_Playerhit) refers to sound.o(.data) for playerhit
    sound.o(i.Sound_Shoot) refers to sound.o(i.Sound_Play) for Sound_Play
    sound.o(i.Sound_Shoot) refers to sound.o(.constdata) for shoot
    sound.o(i.Sound_Turrethit) refers to sound.o(i.Sound_Play) for Sound_Play
    sound.o(i.Sound_Turrethit) refers to sound.o(.data) for turrethit
    sound.o(i.Timer0A_Handler) refers to timer0.o(i.Timer0A_Stop) for Timer0A_Stop
    sound.o(i.Timer0A_Handler) refers to dac.o(i.DAC_Out) for DAC_Out
    sound.o(i.Timer0A_Handler) refers to sound.o(.data) for pointer
    print.o(.text) refers to st7735.o(i.ST7735_OutChar) for ST7735_OutChar
    print.o(.text) refers to st7735.o(i.ST7735_OutString) for ST7735_OutString
    spaceinvaders.o(i.Bullet1shoot) refers to spaceinvaders.o(.bss) for bullet1
    spaceinvaders.o(i.Bullet2shoot) refers to spaceinvaders.o(.bss) for bullet2
    spaceinvaders.o(i.BulletDistance) refers to spaceinvaders.o(.bss) for bullet1
    spaceinvaders.o(i.Bullet_Count) refers to spaceinvaders.o(.bss) for bullet1
    spaceinvaders.o(i.Bullet_Draw) refers to st7735.o(i.ST7735_FillRect) for ST7735_FillRect
    spaceinvaders.o(i.Bullet_Draw) refers to st7735.o(i.ST7735_DrawBitmap) for ST7735_DrawBitmap
    spaceinvaders.o(i.Bullet_Draw) refers to spaceinvaders.o(.bss) for bullet1
    spaceinvaders.o(i.Bullet_Draw) refers to spaceinvaders.o(.data) for friendlybulleth
    spaceinvaders.o(i.Bulletrotate1) refers to spaceinvaders.o(.bss) for char1
    spaceinvaders.o(i.Bulletrotate2) refers to spaceinvaders.o(.bss) for char2
    spaceinvaders.o(i.Draw_Screen) refers to st7735.o(i.ST7735_SetRotation) for ST7735_SetRotation
    spaceinvaders.o(i.Draw_Screen) refers to st7735.o(i.ST7735_DrawBitmap) for ST7735_DrawBitmap
    spaceinvaders.o(i.Draw_Screen) refers to st7735.o(i.ST7735_FillRect) for ST7735_FillRect
    spaceinvaders.o(i.Draw_Screen) refers to spaceinvaders.o(i.Bullet_Draw) for Bullet_Draw
    spaceinvaders.o(i.Draw_Screen) refers to st7735.o(i.ST7735_SetCursor) for ST7735_SetCursor
    spaceinvaders.o(i.Draw_Screen) refers to st7735.o(i.ST7735_OutString) for ST7735_OutString
    spaceinvaders.o(i.Draw_Screen) refers to st7735.o(i.ST7735_OutChar) for ST7735_OutChar
    spaceinvaders.o(i.Draw_Screen) refers to print.o(.text) for LCD_OutDec
    spaceinvaders.o(i.Draw_Screen) refers to spaceinvaders.o(.bss) for char1
    spaceinvaders.o(i.Draw_Screen) refers to spaceinvaders.o(.data) for turret1
    spaceinvaders.o(i.Move1) refers to spaceinvaders.o(.bss) for char1
    spaceinvaders.o(i.Move1) refers to spaceinvaders.o(.data) for chesth
    spaceinvaders.o(i.Move2) refers to spaceinvaders.o(.bss) for char2
    spaceinvaders.o(i.Player_Hit) refers to sound.o(i.Sound_Playerhit) for Sound_Playerhit
    spaceinvaders.o(i.Player_Hit) refers to sound.o(i.Sound_Killed) for Sound_Killed
    spaceinvaders.o(i.Player_Hit) refers to spaceinvaders.o(.bss) for bullet1
    spaceinvaders.o(i.Rotate1) refers to spaceinvaders.o(.bss) for char1
[...]
    st7735.o(i.ST7735_PlotNext) refers to st7735.o(.data) for X
    st7735.o(i.ST7735_PlotNextErase) refers to st7735.o(i.ST7735_Color565) for ST7735_Color565
    st7735.o(i.ST7735_PlotNextErase) refers to st7735.o(i.ST7735_DrawFastVLine) for ST7735_DrawFastVLine
    st7735.o(i.ST7735_PlotNextErase) refers to st7735.o(.data) for X
    st7735.o(i.ST7735_PlotPoint) refers to st7735.o(i.ST7735_DrawPixel) for ST7735_DrawPixel
    st7735.o(i.ST7735_PlotPoint) refers to st7735.o(.data) for Ymin
    st7735.o(i.ST7735_PlotPoints) refers to st7735.o(i.ST7735_DrawPixel) for ST7735_DrawPixel
    st7735.o(i.ST7735_PlotPoints) refers to st7735.o(.data) for Ymin
    st7735.o(i.ST7735_PlotdBfs) refers to st7735.o(i.ST7735_DrawFastVLine) for ST7735_DrawFastVLine
    st7735.o(i.ST7735_PlotdBfs) refers to st7735.o(.constdata) for dBfs
    st7735.o(i.ST7735_PlotdBfs) refers to st7735.o(.data) for X
    st7735.o(i.ST7735_SetCursor) refers to st7735.o(.data) for StX
    st7735.o(i.ST7735_SetRotation) refers to lcd.o(.text) for writecommand
    st7735.o(i.ST7735_SetRotation) refers to st7735.o(.data) for Rotation
    st7735.o(i.ST7735_SetTextColor) refers to st7735.o(.data) for StTextColor
    st7735.o(i.commandList) refers to lcd.o(.text) for writecommand
    st7735.o(i.commandList) refers to st7735.o(i.Delay1ms) for Delay1ms
    st7735.o(i.commonInit) refers to st7735.o(i.Delay1ms) for Delay1ms
    st7735.o(i.commonInit) refers to st7735.o(i.commandList) for commandList
    st7735.o(i.commonInit) refers to st7735.o(.data) for RowStart
    st7735.o(i.fillmessage) refers to st7735.o(.bss) for Message
    st7735.o(i.fillmessage) refers to st7735.o(.data) for Messageindex
    st7735.o(i.fputc) refers to st7735.o(i.ST7735_OutChar) for ST7735_OutChar
    st7735.o(i.pushColor) refers to lcd.o(.text) for writedata
    st7735.o(i.setAddrWindow) refers to lcd.o(.text) for writecommand
    st7735.o(i.setAddrWindow) refers to st7735.o(.data) for ColStart
    systick.o(i.SysTick_Handler) refers to adc.o(i.ADC_In) for ADC_In
    systick.o(i.SysTick_Handler) refers to spaceinvaders.o(.data) for rotation
    systick.o(i.SysTick_Wait10ms) refers to systick.o(i.SysTick_Wait) for SysTick_Wait
    texas.o(.text) refers to texas.o(.bss) for TExaS
    texas.o(.text) refers to texas.o(.constdata) for IntroMsg
    texas.o(.text) refers to texas.o(.data) for LastMode
    __main.o(!!!main) refers to rtentry.o(.ARM.Collect$$rtentry$$00000000) for __rt_entry
    rtentry.o(.ARM.Collect$$rtentry$$00000000) refers (Special) to rtentry2.o(.ARM.Collect$$rtentry$$0000000A) for __rt_entry_li
    rtentry.o(.ARM.Collect$$rtentry$$00000000) refers (Special) to rtentry2.o(.ARM.Collect$$rtentry$$0000000D) for __rt_entry_main
    rtentry.o(.ARM.Collect$$rtentry$$00000000) refers (Special) to rtentry2.o(.ARM.Collect$$rtentry$$0000000C) for __rt_entry_postli_1
    rtentry.o(.ARM.Collect$$rtentry$$00000000) refers (Special) to rtentry2.o(.ARM.Collect$$rtentry$$00000009) for __rt_entry_postsh_1
    rtentry.o(.ARM.Collect$$rtentry$$00000000) refers (Special) to rtentry2.o(.ARM.Collect$$rtentry$$00000002) for __rt_entry_presh_1
    rtentry.o(.ARM.Collect$$rtentry$$00000000) refers (Special) to rtentry4.o(.ARM.Collect$$rtentry$$00000004) for __rt_entry_sh
    rtentry2.o(.ARM.Collect$$rtentry$$00000008) refers to boardinit2.o(.text) for _platform_post_stackheap_init
    rtentry2.o(.ARM.Collect$$rtentry$$0000000A) refers to libinit.o(.ARM.Collect$$libinit$$00000000) for __rt_lib_init
    rtentry2.o(.ARM.Collect$$rtentry$$0000000B) refers to boardinit3.o(.text) for _platform_post_lib_init
    rtentry2.o(.ARM.Collect$$rtentry$$0000000D) refers to spaceinvaders.o(i.main) for main
    rtentry2.o(.ARM.Collect$$rtentry$$0000000D) refers to exit.o(.text) for exit
    rtentry2.o(.ARM.exidx) refers to rtentry2.o(.ARM.Collect$$rtentry$$00000001) for .ARM.Collect$$rtentry$$00000001
    rtentry2.o(.ARM.exidx) refers to rtentry2.o(.ARM.Collect$$rtentry$$00000008) for .ARM.Collect$$rtentry$$00000008
    rtentry2.o(.ARM.exidx) refers to rtentry2.o(.ARM.Collect$$rtentry$$0000000A) for .ARM.Collect$$rtentry$$0000000A
    rtentry2.o(.ARM.exidx) refers to rtentry2.o(.ARM.Collect$$rtentry$$0000000B) for .ARM.Collect$$rtentry$$0000000B
    rtentry2.o(.ARM.exidx) refers to rtentry2.o(.ARM.Collect$$rtentry$$0000000D) for .ARM.Collect$$rtentry$$0000000D
    rtentry4.o(.ARM.Collect$$rtentry$$00000004) refers to sys_stackheap_outer.o(.text) for __user_setup_stackheap
    rtentry4.o(.ARM.exidx) refers to rtentry4.o(.ARM.Collect$$rtentry$$00000004) for .ARM.Collect$$rtentry$$00000004
    sys_stackheap_outer.o(.text) refers to libspace.o(.text) for __user_perproc_libspace
    sys_stackheap_outer.o(.text) refers to startup.o(.text) for __user_initial_stackheap
    exit.o(.text) refers to rtexit.o(.ARM.Collect$$rtexit$$00000000) for __rt_exit
    libinit.o(.ARM.Collect$$libinit$$00000000) refers (Special) to libinit2.o(.ARM.Collect$$libinit$$0000002C) for __rt_lib_init_alloca_1
    libinit.o(.ARM.Collect$$libinit$$00000000) refers (Special) to libinit2.o(.ARM.Collect$$libinit$$0000002A) for __rt_lib_init_argv_1
    libinit.o(.ARM.Collect$$libinit$$00000000) refers (Special) to libinit2.o(.ARM.Collect$$libinit$$00000019) for __rt_lib_init_atexit_1
    libinit.o(.ARM.Collect$$libinit$$00000000) refers (Special) to libinit2.o(.ARM.Collect$$libinit$$0000001F) for __rt_lib_init_clock_1
    libinit.o(.ARM.Collect$$libinit$$00000000) refers (Special) to libinit2.o(.ARM.Collect$$libinit$$00000030) for __rt_lib_init_cpp_1
    libinit.o(.ARM.Collect$$libinit$$00000000) refers (Special) to libinit2.o(.ARM.Collect$$libinit$$0000002E) for __rt_lib_init_exceptions_1
    libinit.o(.ARM.Collect$$libinit$$00000000) refers (Special) to libinit2.o(.ARM.Collect$$libinit$$00000002) for __rt_lib_init_fp_1
    libinit.o(.ARM.Collect$$libinit$$00000000) refers (Special) to libinit2.o(.ARM.Collect$$libinit$$0000001D) for __rt_lib_init_fp_trap_1
    libinit.o(.ARM.Collect$$libinit$$00000000) refers (Special) to libinit2.o(.ARM.Collect$$libinit$$00000021) for __rt_lib_init_getenv_1
    libinit.o(.ARM.Collect$$libinit$$00000000) refers (Special) to libinit2.o(.ARM.Collect$$libinit$$00000008) for __rt_lib_init_heap_1
    libinit.o(.ARM.Collect$$libinit$$00000000) refers (Special) to libinit2.o(.ARM.Collect$$libinit$$0000000F) for __rt_lib_init_lc_collate_1
    libinit.o(.ARM.Collect$$libinit$$00000000) refers (Special) to libinit2.o(.ARM.Collect$$libinit$$00000011) for __rt_lib_init_lc_ctype_1
    libinit.o(.ARM.Collect$$libinit$$00000000) refers (Special) to libinit2.o(.ARM.Collect$$libinit$$00000013) for __rt_lib_init_lc_monetary_1
    libinit.o(.ARM.Collect$$libinit$$00000000) refers (Special) to libinit2.o(.ARM.Collect$$libinit$$00000015) for __rt_lib_init_lc_numeric_1
    libinit.o(.ARM.Collect$$libinit$$00000000) refers (Special) to libinit2.o(.ARM.Collect$$libinit$$00000017) for __rt_lib_init_lc_time_1
    libinit.o(.ARM.Collect$$libinit$$00000000) refers (Special) to libinit2.o(.ARM.Collect$$libinit$$0000000C) for __rt_lib_init_rand_1
    libinit.o(.ARM.Collect$$libinit$$00000000) refers (Special) to libinit2.o(.ARM.Collect$$libinit$$00000031) for __rt_lib_init_return
    libinit.o(.ARM.Collect$$libinit$$00000000) refers (Special) to libinit2.o(.ARM.Collect$$libinit$$0000001B) for __rt_lib_init_signal_1
    libinit.o(.ARM.Collect$$libinit$$00000000) refers (Special) to libinit2.o(.ARM.Collect$$libinit$$00000023) for __rt_lib_init_stdio_1
    libinit.o(.ARM.Collect$$libinit$$00000000) refers (Special) to libinit2.o(.ARM.Collect$$libinit$$0000000A) for __rt_lib_init_user_alloc_1
    libspace.o(.text) refers to libspace.o(.bss) for __libspace_start
    rtexit.o(.ARM.Collect$$rtexit$$00000000) refers (Special) to rtexit2.o(.ARM.Collect$$rtexit$$00000004) for __rt_exit_exit
    rtexit.o(.ARM.Collect$$rtexit$$00000000) refers (Special) to rtexit2.o(.ARM.Collect$$rtexit$$00000003) for __rt_exit_ls
    rtexit.o(.ARM.Collect$$rtexit$$00000000) refers (Special) to rtexit2.o(.ARM.Collect$$rtexit$$00000002) for __rt_exit_prels_1
    rtexit.o(.ARM.exidx) refers (Special) to rtexit2.o(.ARM.Collect$$rtexit$$00000004) for __rt_exit_exit
    rtexit.o(.ARM.exidx) refers (Special) to rtexit2.o(.ARM.Collect$$rtexit$$00000003) for __rt_exit_ls
    rtexit.o(.ARM.exidx) refers (Special) to rtexit2.o(.ARM.Collect$$rtexit$$00000002) for __rt_exit_prels_1
    rtexit.o(.ARM.exidx) refers to rtexit.o(.ARM.Collect$$rtexit$$00000000) for .ARM.Collect$$rtexit$$00000000
    libinit2.o(.ARM.Collect$$libinit$$0000000E) refers to libinit2.o(.ARM.Collect$$libinit$$0000000D) for .ARM.Collect$$libinit$$0000000D
    libinit2.o(.ARM.Collect$$libinit$$00000010) refers to libinit2.o(.ARM.Collect$$libinit$$0000000D) for .ARM.Collect$$libinit$$0000000D
    libinit2.o(.ARM.Collect$$libinit$$00000012) refers to libinit2.o(.ARM.Collect$$libinit$$0000000D) for .ARM.Collect$$libinit$$0000000D
    libinit2.o(.ARM.Collect$$libinit$$00000014) refers to libinit2.o(.ARM.Collect$$libinit$$0000000D) for .ARM.Collect$$libinit$$0000000D
    libinit2.o(.ARM.Collect$$libinit$$00000016) refers to libinit2.o(.ARM.Collect$$libinit$$0000000D) for .ARM.Collect$$libinit$$0000000D
    libinit2.o(.ARM.Collect$$libinit$$00000024) refers to argv_veneer.o(.emb_text) for __ARM_argv_veneer
    libinit2.o(.ARM.Collect$$libinit$$00000025) refers to argv_veneer.o(.emb_text) for __ARM_argv_veneer
    rtexit2.o(.ARM.Collect$$rtexit$$00000003) refers to libshutdown.o(.ARM.Collect$$libshutdown$$00000000) for __rt_lib_shutdown
    rtexit2.o(.ARM.Collect$$rtexit$$00000004) refers to sys_exit.o(.text) for _sys_exit
    rtexit2.o(.ARM.exidx) refers to rtexit2.o(.ARM.Collect$$rtexit$$00000001) for .ARM.Collect$$rtexit$$00000001
    rtexit2.o(.ARM.exidx) refers to rtexit2.o(.ARM.Collect$$rtexit$$00000003) for .ARM.Collect$$rtexit$$00000003
    rtexit2.o(.ARM.exidx) refers to rtexit2.o(.ARM.Collect$$rtexit$$00000004) for .ARM.Collect$$rtexit$$00000004
    argv_veneer.o(.emb_text) refers to no_argv.o(.text) for __ARM_get_argv
    sys_exit.o(.text) refers (Special) to use_no_semi.o(.text) for __I$use$semihosting
    sys_exit.o(.text) refers (Special) to indicate_semi.o(.text) for __semihosting_library_function
    _get_argv_nomalloc.o(.text) refers (Special) to hrguard.o(.text) for __heap_region$guard
    _get_argv_nomalloc.o(.text) refers to defsig_rtmem_outer.o(.text) for __rt_SIGRTMEM
    _get_argv_nomalloc.o(.text) refers to sys_command.o(.text) for _sys_command_string
    libshutdown.o(.ARM.Collect$$libshutdown$$00000000) refers (Special) to libshutdown2.o(.ARM.Collect$$libshutdown$$00000006) for __rt_lib_shutdown_fp_trap_1
    libshutdown.o(.ARM.Collect$$libshutdown$$00000000) refers (Special) to libshutdown2.o(.ARM.Collect$$libshutdown$$0000000E) for __rt_lib_shutdown_heap_1
    libshutdown.o(.ARM.Collect$$libshutdown$$00000000) refers (Special) to libshutdown2.o(.ARM.Collect$$libshutdown$$0000000F) for __rt_lib_shutdown_return
    libshutdown.o(.ARM.Collect$$libshutdown$$00000000) refers (Special) to libshutdown2.o(.ARM.Collect$$libshutdown$$00000009) for __rt_lib_shutdown_signal_1
    libshutdown.o(.ARM.Collect$$libshutdown$$00000000) refers (Special) to libshutdown2.o(.ARM.Collect$$libshutdown$$00000003) for __rt_lib_shutdown_stdio_1
    libshutdown.o(.ARM.Collect$$libshutdown$$00000000) refers (Special) to libshutdown2.o(.ARM.Collect$$libshutdown$$0000000B) for __rt_lib_shutdown_user_alloc_1
    sys_command.o(.text) refers (Special) to use_no_semi.o(.text) for __I$use$semihosting
    sys_command.o(.text) refers (Special) to indicate_semi.o(.text) for __semihosting_library_function
    defsig_rtmem_outer.o(.text) refers to defsig_rtmem_inner.o(.text) for __rt_SIGRTMEM_inner
    defsig_rtmem_outer.o(.text) refers to defsig_exit.o(.text) for __sig_exit
    defsig_rtmem_formal.o(.text) refers to rt_raise.o(.text) for __rt_raise
    rt_raise.o(.text) refers to __raise.o(.text) for __raise
    rt_raise.o(.text) refers to sys_exit.o(.text) for _sys_exit
    defsig_exit.o(.text) refers to sys_exit.o(.text) for _sys_exit
    defsig_rtmem_inner.o(.text) refers to defsig_general.o(.text) for __default_signal_display
    __raise.o(.text) refers to defsig.o(CL$$defsig) for __default_signal_handler
    defsig_general.o(.text) refers to sys_wrch.o(.text) for _ttywrch
    sys_wrch.o(.text) refers (Special) to use_no_semi.o(.text) for __I$use$semihosting
    sys_wrch.o(.text) refers (Special) to indicate_semi.o(.text) for __semihosting_library_function
    defsig.o(CL$$defsig) refers to defsig_rtmem_inner.o(.text) for __rt_SIGRTMEM_inner
    defsig_abrt_inner.o(.text) refers to defsig_general.o(.text) for __default_signal_display
    defsig_fpe_inner.o(.text) refers to defsig_general.o(.text) for __default_signal_display
    defsig_rtred_inner.o(.text) refers to defsig_general.o(.text) for __default_signal_display
    defsig_stak_inner.o(.text) refers to defsig_general.o(.text) for __default_signal_display
    defsig_pvfn_inner.o(.text) refers to defsig_general.o(.text) for __default_signal_display
    defsig_cppl_inner.o(.text) refers to defsig_general.o(.text) for __default_signal_display
    defsig_segv_inner.o(.text) refers to defsig_general.o(.text) for __default_signal_display
    defsig_other.o(.text) refers to defsig_general.o(.text) for __default_signal_display


==============================================================================

Removing Unused input sections from the image.

    Removing timer0.o(.data), (12 bytes).
    Removing sound.o(i.Sound_Fastinvader1), (2 bytes).
    Removing sound.o(i.Sound_Fastinvader2), (2 bytes).
    Removing sound.o(i.Sound_Fastinvader3), (2 bytes).
    Removing sound.o(i.Sound_Fastinvader4), (2 bytes).
    Removing sound.o(i.Sound_Highpitch), (2 bytes).
    Removing st7735.o(i.Output_Clear), (10 bytes).
    Removing st7735.o(i.Output_Color), (12 bytes).
    Removing st7735.o(i.Output_Off), (8 bytes).
    Removing st7735.o(i.Output_On), (8 bytes).
    Removing st7735.o(i.ST7735_Color565), (24 bytes).
    Removing st7735.o(i.ST7735_DrawChar), (268 bytes).
    Removing st7735.o(i.ST7735_DrawFastHLine), (124 bytes).
    Removing st7735.o(i.ST7735_DrawFastVLine), (124 bytes).
    Removing st7735.o(i.ST7735_InitB), (40 bytes).
    Removing st7735.o(i.ST7735_InvertDisplay), (22 bytes).
    Removing st7735.o(i.ST7735_OutUDec), (140 bytes).
    Removing st7735.o(i.ST7735_PlotBar), (88 bytes).
    Removing st7735.o(i.ST7735_PlotClear), (92 bytes).
    Removing st7735.o(i.ST7735_PlotLine), (264 bytes).
    Removing st7735.o(i.ST7735_PlotNext), (32 bytes).
    Removing st7735.o(i.ST7735_PlotNextErase), (64 bytes).
    Removing st7735.o(i.ST7735_PlotPoint), (152 bytes).
    Removing st7735.o(i.ST7735_PlotPoints), (172 bytes).
    Removing st7735.o(i.ST7735_PlotdBfs), (60 bytes).
    Removing st7735.o(i.ST7735_SetTextColor), (12 bytes).
    Removing st7735.o(i.ST7735_SwapColor), (18 bytes).
    Removing st7735.o(i.ferror), (8 bytes).
    Removing st7735.o(i.fgetc), (6 bytes).
    Removing st7735.o(i.fillmessage), (72 bytes).
    Removing st7735.o(i.fputc), (16 bytes).
    Removing st7735.o(.bss), (12 bytes).
    Removing systick.o(i.SysTick_Wait), (32 bytes).
    Removing systick.o(i.SysTick_Wait10ms), (28 bytes).

34 unused section(s) (total 1930 bytes) removed from the image.

==============================================================================

Image Symbol Table

    Local Symbols

    Symbol Name                              Value     Ov Type        Size  Object(Section)

    RESET                                    0x00000000   Section      644  startup.o(RESET)
    ../clib/angel/boardlib.s                 0x00000000   Number         0  boardinit1.o ABSOLUTE
    ../clib/angel/boardlib.s                 0x00000000   Number         0  boardinit3.o ABSOLUTE
    ../clib/angel/boardlib.s                 0x00000000   Number         0  boardshut.o ABSOLUTE
    ../clib/angel/boardlib.s                 0x00000000   Number         0  boardinit2.o ABSOLUTE
    ../clib/angel/dclz77c.s                  0x00000000   Number         0  __dclz77c.o ABSOLUTE
    ../clib/angel/handlers.s                 0x00000000   Number         0  __scatter_zi.o ABSOLUTE
    ../clib/angel/kernel.s                   0x00000000   Number         0  rtexit.o ABSOLUTE
    ../clib/angel/kernel.s                   0x00000000   Number         0  rtexit2.o ABSOLUTE
    ../clib/angel/kernel.s                   0x00000000   Number         0  rtentry2.o ABSOLUTE
    ../clib/angel/kernel.s                   0x00000000   Number         0  rtentry.o ABSOLUTE
    ../clib/angel/kernel.s                   0x00000000   Number         0  rtentry4.o ABSOLUTE
    ../clib/angel/rt.s                       0x00000000   Number         0  rt_raise.o ABSOLUTE
    ../clib/angel/scatter.s                  0x00000000   Number         0  __scatter.o ABSOLUTE
    ../clib/angel/startup.s                  0x00000000   Number         0  __main.o ABSOLUTE
    ../clib/angel/sys.s                      0x00000000   Number         0  sys_stackheap_outer.o ABSOLUTE
    ../clib/angel/sys.s                      0x00000000   Number         0  use_no_semi.o ABSOLUTE
    ../clib/angel/sys.s                      0x00000000   Number         0  indicate_semi.o ABSOLUTE
    ../clib/angel/sys.s                      0x00000000   Number         0  libspace.o ABSOLUTE
    ../clib/angel/sysapp.c                   0x00000000   Number         0  sys_exit.o ABSOLUTE
    ../clib/angel/sysapp.c                   0x00000000   Number         0  sys_command.o ABSOLUTE
    ../clib/angel/sysapp.c                   0x00000000   Number         0  sys_wrch.o ABSOLUTE
    ../clib/armsys.c                         0x00000000   Number         0  _get_argv_nomalloc.o ABSOLUTE
    ../clib/armsys.c                         0x00000000   Number         0  argv_veneer.o ABSOLUTE
    ../clib/armsys.c                         0x00000000   Number         0  argv_veneer.o ABSOLUTE
    ../clib/armsys.c                         0x00000000   Number         0  no_argv.o ABSOLUTE
    ../clib/heapalloc.c                      0x00000000   Number         0  hrguard.o ABSOLUTE
    ../clib/heapaux.c                        0x00000000   Number         0  heapauxi.o ABSOLUTE
    ../clib/libinit.s                        0x00000000   Number         0  libshutdown2.o ABSOLUTE
    ../clib/libinit.s                        0x00000000   Number         0  libinit2.o ABSOLUTE
    ../clib/libinit.s                        0x00000000   Number         0  libshutdown.o ABSOLUTE
    ../clib/libinit.s                        0x00000000   Number         0  libinit.o ABSOLUTE
    ../clib/memcpset.s                       0x00000000   Number         0  rt_memcpy_w.o ABSOLUTE
    ../clib/signal.c                         0x00000000   Number         0  defsig_segv_inner.o ABSOLUTE
    ../clib/signal.c                         0x00000000   Number         0  defsig_cppl_inner.o ABSOLUTE
    ../clib/signal.c                         0x00000000   Number         0  defsig_pvfn_inner.o ABSOLUTE
    ../clib/signal.c                         0x00000000   Number         0  defsig_stak_inner.o ABSOLUTE
    ../clib/signal.c                         0x00000000   Number         0  defsig_rtred_inner.o ABSOLUTE
    ../clib/signal.c                         0x00000000   Number         0  defsig_fpe_inner.o ABSOLUTE
    ../clib/signal.c                         0x00000000   Number         0  defsig_abrt_inner.o ABSOLUTE
    ../clib/signal.c                         0x00000000   Number         0  defsig_general.o ABSOLUTE
    ../clib/signal.c                         0x00000000   Number         0  __raise.o ABSOLUTE
    ../clib/signal.c                         0x00000000   Number         0  defsig_rtmem_inner.o ABSOLUTE
    ../clib/signal.c                         0x00000000   Number         0  defsig_other.o ABSOLUTE
    ../clib/signal.c                         0x00000000   Number         0  defsig_exit.o ABSOLUTE
    ../clib/signal.c                         0x00000000   Number         0  defsig_rtmem_formal.o ABSOLUTE
    ../clib/signal.c                         0x00000000   Number         0  defsig_rtmem_outer.o ABSOLUTE
    ../clib/signal.s                         0x00000000   Number         0  defsig.o ABSOLUTE
    ../clib/stdlib.c                         0x00000000   Number         0  exit.o ABSOLUTE
    ../fplib/fpinit.s                        0x00000000   Number         0  fpinit.o ABSOLUTE
    ADC.c                                    0x00000000   Number         0  adc.o ABSOLUTE
    DAC.c                                    0x00000000   Number         0  dac.o ABSOLUTE
    LCD.s                                    0x00000000   Number         0  lcd.o ABSOLUTE
    Print.s                                  0x00000000   Number         0  print.o ABSOLUTE
    ST7735.c                                 0x00000000   Number         0  st7735.o ABSOLUTE
    Sound.c                                  0x00000000   Number         0  sound.o ABSOLUTE
    SpaceInvaders.c                          0x00000000   Number         0  spaceinvaders.o ABSOLUTE
    SysTick.c                                0x00000000   Number         0  systick.o ABSOLUTE
    TExaS.c                                  0x00000000   Number         0  texas.o ABSOLUTE
    Timer0.c                                 0x00000000   Number         0  timer0.o ABSOLUTE
    Timer1.c                                 0x00000000   Number         0  timer1.o ABSOLUTE
    dc.s                                     0x00000000   Number         0  dc.o ABSOLUTE
    random.s                                 0x00000000   Number         0  random.o ABSOLUTE
    startup.s                                0x00000000   Number         0  startup.o ABSOLUTE
    !!!main                                  0x00000284   Section        8  __main.o(!!!main)
    !!!scatter                               0x0000028c   Section       52  __scatter.o(!!!scatter)
    !!dclz77c                                0x000002c0   Section      100  __dclz77c.o(!!dclz77c)
    !!handler_zi                             0x00000324   Section       28  __scatter_zi.o(!!handler_zi)
    .ARM.Collect$$libinit$$00000000          0x00000340   Section        2  libinit.o(.ARM.Collect$$libinit$$00000000)
    .ARM.Collect$$libinit$$00000002          0x00000342   Section        0  libinit2.o(.ARM.Collect$$libinit$$00000002)
    .ARM.Collect$$libinit$$00000008          0x00000342   Section        0  libinit2.o(.ARM.Collect$$libinit$$00000008)
    .ARM.Collect$$libinit$$0000000A          0x00000342   Section        0  libinit2.o(.ARM.Collect$$libinit$$0000000A)
    .ARM.Collect$$libinit$$0000000C          0x00000342   Section        0  libinit2.o(.ARM.Collect$$libinit$$0000000C)
    .ARM.Collect$$libinit$$0000000F          0x00000342   Section        0  libinit2.o(.ARM.Collect$$libinit$$0000000F)
    .ARM.Collect$$libinit$$00000011          0x00000342   Section        0  libinit2.o(.ARM.Collect$$libinit$$00000011)
    .ARM.Collect$$libinit$$00000013          0x00000342   Section        0  libinit2.o(.ARM.Collect$$libinit$$00000013)
    .ARM.Collect$$libinit$$00000015          0x00000342   Section        0  libinit2.o(.ARM.Collect$$libinit$$00000015)
    .ARM.Collect$$libinit$$00000017          0x00000342   Section        0  libinit2.o(.ARM.Collect$$libinit$$00000017)
    .ARM.Collect$$libinit$$00000019          0x00000342   Section        0  libinit2.o(.ARM.Collect$$libinit$$00000019)
    .ARM.Collect$$libinit$$0000001B          0x00000342   Section        0  libinit2.o(.ARM.Collect$$libinit$$0000001B)
    .ARM.Collect$$libinit$$0000001D          0x00000342   Section        0  libinit2.o(.ARM.Collect$$libinit$$0000001D)
    .ARM.Collect$$libinit$$0000001F          0x00000342   Section        0  libinit2.o(.ARM.Collect$$libinit$$0000001F)
    .ARM.Collect$$libinit$$00000021          0x00000342   Section        0  libinit2.o(.ARM.Collect$$libinit$$00000021)
    .ARM.Collect$$libinit$$00000023          0x00000342   Section        0  libinit2.o(.ARM.Collect$$libinit$$00000023)
    .ARM.Collect$$libinit$$0000002A          0x00000342   Section        0  libinit2.o(.ARM.Collect$$libinit$$0000002A)
    .ARM.Collect$$libinit$$0000002C          0x00000342   Section        0  libinit2.o(.ARM.Collect$$libinit$$0000002C)
    .ARM.Collect$$libinit$$0000002E          0x00000342   Section        0  libinit2.o(.ARM.Collect$$libinit$$0000002E)
    .ARM.Collect$$libinit$$00000030          0x00000342   Section        0  libinit2.o(.ARM.Collect$$libinit$$00000030)
    .ARM.Collect$$libinit$$00000031          0x00000342   Section        2  libinit2.o(.ARM.Collect$$libinit$$00000031)
    .ARM.Collect$$libshutdown$$00000000      0x00000344   Section        2  libshutdown.o(.ARM.Collect$$libshutdown$$00000000)
    .ARM.Collect$$libshutdown$$00000003      0x00000346   Section        0  libshutdown2.o(.ARM.Collect$$libshutdown$$00000003)
    .ARM.Collect$$libshutdown$$00000006      0x00000346   Section        0  libshutdown2.o(.ARM.Collect$$libshutdown$$00000006)
    .ARM.Collect$$libshutdown$$00000009      0x00000346   Section        0  libshutdown2.o(.ARM.Collect$$libshutdown$$00000009)
    .ARM.Collect$$libshutdown$$0000000B      0x00000346   Section        0  libshutdown2.o(.ARM.Collect$$libshutdown$$0000000B)
    .ARM.Collect$$libshutdown$$0000000E      0x00000346   Section        0  libshutdown2.o(.ARM.Collect$$libshutdown$$0000000E)
    .ARM.Collect$$libshutdown$$0000000F      0x00000346   Section        2  libshutdown2.o(.ARM.Collect$$libshutdown$$0000000F)
    .ARM.Collect$$rtentry$$00000000          0x00000348   Section        0  rtentry.o(.ARM.Collect$$rtentry$$00000000)
    .ARM.Collect$$rtentry$$00000002          0x00000348   Section        0  rtentry2.o(.ARM.Collect$$rtentry$$00000002)
    .ARM.Collect$$rtentry$$00000004          0x00000348   Section        6  rtentry4.o(.ARM.Collect$$rtentry$$00000004)
    .ARM.Collect$$rtentry$$00000009          0x0000034e   Section        0  rtentry2.o(.ARM.Collect$$rtentry$$00000009)
    .ARM.Collect$$rtentry$$0000000A          0x0000034e   Section        4  rtentry2.o(.ARM.Collect$$rtentry$$0000000A)
    .ARM.Collect$$rtentry$$0000000C          0x00000352   Section        0  rtentry2.o(.ARM.Collect$$rtentry$$0000000C)
    .ARM.Collect$$rtentry$$0000000D          0x00000352   Section        8  rtentry2.o(.ARM.Collect$$rtentry$$0000000D)
    .ARM.Collect$$rtexit$$00000000           0x0000035a   Section        2  rtexit.o(.ARM.Collect$$rtexit$$00000000)
    .ARM.Collect$$rtexit$$00000002           0x0000035c   Section        0  rtexit2.o(.ARM.Collect$$rtexit$$00000002)
    .ARM.Collect$$rtexit$$00000003           0x0000035c   Section        4  rtexit2.o(.ARM.Collect$$rtexit$$00000003)
    .ARM.Collect$$rtexit$$00000004           0x00000360   Section        6  rtexit2.o(.ARM.Collect$$rtexit$$00000004)
    .text                                    0x00000368   Section       48  startup.o(.text)
    .text                                    0x00000398   Section       64  random.o(.text)
    .text                                    0x000003d8   Section       88  lcd.o(.text)
    .text                                    0x00000430   Section      340  print.o(.text)
    cm                                       0x00000430   Data           4  print.o(.text)
    .text                                    0x00000584   Section        0  texas.o(.text)
    .text                                    0x00000a24   Section      100  rt_memcpy_w.o(.text)
    .text                                    0x00000a88   Section        0  heapauxi.o(.text)
    .text                                    0x00000a8e   Section       74  sys_stackheap_outer.o(.text)
    .text                                    0x00000ad8   Section        0  exit.o(.text)
    .text                                    0x00000ae4   Section        8  libspace.o(.text)
    .text                                    0x00000aec   Section        0  sys_exit.o(.text)
    .text                                    0x00000af8   Section        2  use_no_semi.o(.text)
    .text                                    0x00000afa   Section        0  indicate_semi.o(.text)
    i.ADC_In                                 0x00000afc   Section        0  adc.o(i.ADC_In)
    i.ADC_Init                               0x00000b2c   Section        0  adc.o(i.ADC_Init)
    i.Bullet1shoot                           0x00000c20   Section        0  spaceinvaders.o(i.Bullet1shoot)
    i.Bullet2shoot                           0x00000dcc   Section        0  spaceinvaders.o(i.Bullet2shoot)
    i.BulletDistance                         0x00000f90   Section        0  spaceinvaders.o(i.BulletDistance)
    i.Bullet_Count                           0x000010b0   Section        0  spaceinvaders.o(i.Bullet_Count)
    i.Bullet_Draw                            0x000011d8   Section        0  spaceinvaders.o(i.Bullet_Draw)
    i.Bulletrotate1                          0x0000133c   Section        0  spaceinvaders.o(i.Bulletrotate1)
    i.Bulletrotate2                          0x00001358   Section        0  spaceinvaders.o(i.Bulletrotate2)
    i.DAC_Init                               0x00001374   Section        0  dac.o(i.DAC_Init)
    i.DAC_Out                                0x000013d4   Section        0  dac.o(i.DAC_Out)
    i.Delay                                  0x000013e0   Section        0  spaceinvaders.o(i.Delay)
    i.Delay1ms                               0x00001404   Section        0  st7735.o(i.Delay1ms)
    i.Draw_Screen                            0x00001424   Section        0  spaceinvaders.o(i.Draw_Screen)
    i.Move1                                  0x0000161c   Section        0  spaceinvaders.o(i.Move1)
    i.Move2                                  0x000018f8   Section        0  spaceinvaders.o(i.Move2)
    i.Output_Init                            0x000019b4   Section        0  st7735.o(i.Output_Init)
    i.Player_Hit                             0x000019c4   Section        0  spaceinvaders.o(i.Player_Hit)
    i.Port_Init                              0x00001b28   Section        0  spaceinvaders.o(i.Port_Init)
    i.Rotate1                                0x00001ba4   Section        0  spaceinvaders.o(i.Rotate1)
    i.Rotate2                                0x00001c14   Section        0  spaceinvaders.o(i.Rotate2)
    i.ST7735_DrawBitmap                      0x00001cf4   Section        0  st7735.o(i.ST7735_DrawBitmap)
    i.ST7735_DrawCharS                       0x00001e14   Section        0  st7735.o(i.ST7735_DrawCharS)
    i.ST7735_DrawPixel                       0x00001f08   Section        0  st7735.o(i.ST7735_DrawPixel)
    i.ST7735_DrawString                      0x00001f50   Section        0  st7735.o(i.ST7735_DrawString)
    i.ST7735_FillRect                        0x00001fa8   Section        0  st7735.o(i.ST7735_FillRect)
    i.ST7735_FillScreen                      0x00002054   Section        0  st7735.o(i.ST7735_FillScreen)
    i.ST7735_InitR                           0x00002078   Section        0  st7735.o(i.ST7735_InitR)
    i.ST7735_OutChar                         0x000020f4   Section        0  st7735.o(i.ST7735_OutChar)
    i.ST7735_OutString                       0x000021c8   Section        0  st7735.o(i.ST7735_OutString)
    i.ST7735_SetCursor                       0x000021e0   Section        0  st7735.o(i.ST7735_SetCursor)
    i.ST7735_SetRotation                     0x00002200   Section        0  st7735.o(i.ST7735_SetRotation)
    i.Sound_Explosion                        0x000022d4   Section        0  sound.o(i.Sound_Explosion)
    i.Sound_Init                             0x000022e8   Section        0  sound.o(i.Sound_Init)
    i.Sound_Killed                           0x00002308   Section        0  sound.o(i.Sound_Killed)
    i.Sound_Play                             0x0000231c   Section        0  sound.o(i.Sound_Play)
    i.Sound_Playerhit                        0x00002348   Section        0  sound.o(i.Sound_Playerhit)
    i.Sound_Shoot                            0x0000235c   Section        0  sound.o(i.Sound_Shoot)
    i.Sound_Turrethit                        0x00002370   Section        0  sound.o(i.Sound_Turrethit)
    i.SysTick_Handler                        0x00002384   Section        0  systick.o(i.SysTick_Handler)
    i.SysTick_Init                           0x00002394   Section        0  systick.o(i.SysTick_Init)
    i.Timer0A_Handler                        0x000023d4   Section        0  sound.o(i.Timer0A_Handler)
    i.Timer0A_Stop                           0x00002418   Section        0  timer0.o(i.Timer0A_Stop)
    i.Timer0_Init                            0x00002424   Section        0  timer0.o(i.Timer0_Init)
    i.Timer1A_Handler                        0x0000247c   Section        0  timer1.o(i.Timer1A_Handler)
    i.Timer1_Init                            0x00002494   Section        0  timer1.o(i.Timer1_Init)
    i.Turret_Hit                             0x000024f4   Section        0  spaceinvaders.o(i.Turret_Hit)
    i.Update_Bullet1                         0x00002600   Section        0  spaceinvaders.o(i.Update_Bullet1)
    i.Update_Bullet2                         0x000026b0   Section        0  spaceinvaders.o(i.Update_Bullet2)
    i.Update_Chest                           0x00002788   Section        0  spaceinvaders.o(i.Update_Chest)
    i.Update_Status                          0x00002810   Section        0  spaceinvaders.o(i.Update_Status)
    i.commandList                            0x00002850   Section        0  st7735.o(i.commandList)
    commandList                              0x00002851   Thumb Code    86  st7735.o(i.commandList)
    i.commonInit                             0x000028a8   Section        0  st7735.o(i.commonInit)
    commonInit                               0x000028a9   Thumb Code   340  st7735.o(i.commonInit)
    i.main                                   0x00002a2c   Section        0  spaceinvaders.o(i.main)
    i.pushColor                              0x00002d34   Section        0  st7735.o(i.pushColor)
    pushColor                                0x00002d35   Thumb Code    18  st7735.o(i.pushColor)
    i.setAddrWindow                          0x00002d48   Section        0  st7735.o(i.setAddrWindow)
    setAddrWindow                            0x00002d49   Thumb Code   106  st7735.o(i.setAddrWindow)
    .constdata                               0x00002dbc   Section    15435  sound.o(.constdata)
    .constdata                               0x00006a07   Section     2018  st7735.o(.constdata)
    Font                                     0x00006a07   Data        1275  st7735.o(.constdata)
    Bcmd                                     0x00006f02   Data         103  st7735.o(.constdata)
    Rcmd1                                    0x00006f69   Data          59  st7735.o(.constdata)
    Rcmd2green                               0x00006fa4   Data          13  st7735.o(.constdata)
    Rcmd2red                                 0x00006fb1   Data          13  st7735.o(.constdata)
    Rcmd3                                    0x00006fbe   Data          43  st7735.o(.constdata)
    .constdata                               0x000071e9   Section      240  texas.o(.constdata)
    .data                                    0x20000000   Section        4  adc.o(.data)
    .data                                    0x20000004   Section        4  timer1.o(.data)
    .data                                    0x20000008   Section     3888  sound.o(.data)
    .data                                    0x20000f38   Section    18644  spaceinvaders.o(.data)
    .data                                    0x2000580c   Section       44  st7735.o(.data)
    _width                                   0x20005816   Data           2  st7735.o(.data)
    _height                                  0x20005818   Data           2  st7735.o(.data)
    ColStart                                 0x20005820   Data           1  st7735.o(.data)
    RowStart                                 0x20005821   Data           1  st7735.o(.data)
    Rotation                                 0x20005822   Data           1  st7735.o(.data)
    TabColor                                 0x20005823   Data           1  st7735.o(.data)
    .data                                    0x20005838   Section       48  texas.o(.data)
    DATA                                     0x20005868   Section        4  random.o(DATA)
    M                                        0x20005868   Data           4  random.o(DATA)
    .bss                                     0x2000586c   Section     2160  spaceinvaders.o(.bss)
    .bss                                     0x200060e0   Section       56  texas.o(.bss)
    .bss                                     0x20006118   Section       96  libspace.o(.bss)
    HEAP                                     0x20006178   Section        0  startup.o(HEAP)
    STACK                                    0x20006178   Section     1024  startup.o(STACK)
    HeapMem                                  0x20006178   Data           0  startup.o(HEAP)
    StackMem                                 0x20006178   Data           0  startup.o(STACK)

    Global Symbols

    Symbol Name                              Value     Ov Type        Size  Object(Section)

    BuildAttributes$$THM_ISAv4$E$P$D$K$B$S$7EM$PE$A:L22UL41UL21$X:L11$S22US41US21$IEEE1$IW$USESV6$~STKCKD$USESV7$~SHL$OSPACE$ROPI$EBA8$UX$STANDARDLIB$REQ8$PRES8$EABIv2 0x00000000   Number         0  anon$$obj.o ABSOLUTE
    __ARM_use_no_argv                        0x00000000   Number         0  spaceinvaders.o ABSOLUTE
    __Vectors                                0x00000000   Data           0  startup.o(RESET)
    __ARM_exceptions_init                     - Undefined Weak Reference
    __alloca_initialize                       - Undefined Weak Reference
    __cpp_initialize__aeabi_                  - Undefined Weak Reference
    __cxa_finalize                            - Undefined Weak Reference
    __rt_locale                               - Undefined Weak Reference
    __sigvec_lookup                           - Undefined Weak Reference
    _atexit_init                              - Undefined Weak Reference
    _call_atexit_fns                          - Undefined Weak Reference
    _clock_init                               - Undefined Weak Reference
    _fp_trap_init                             - Undefined Weak Reference
    _fp_trap_shutdown                         - Undefined Weak Reference
    _get_lc_collate                           - Undefined Weak Reference
    _get_lc_ctype                             - Undefined Weak Reference
    _get_lc_monetary                          - Undefined Weak Reference
    _get_lc_numeric                           - Undefined Weak Reference
    _get_lc_time                              - Undefined Weak Reference
    _getenv_init                              - Undefined Weak Reference
    _handle_redirection                       - Undefined Weak Reference
    _init_alloc                               - Undefined Weak Reference
    _init_user_alloc                          - Undefined Weak Reference
    _initio                                   - Undefined Weak Reference
    _rand_init                                - Undefined Weak Reference
    _signal_finish                            - Undefined Weak Reference
    _signal_init                              - Undefined Weak Reference
    _terminate_alloc                          - Undefined Weak Reference
    _terminate_user_alloc                     - Undefined Weak Reference
    _terminateio                              - Undefined Weak Reference
    Reset_Handler                            0x0000026d   Thumb Code     0  startup.o(RESET)
    NMI_Handler                              0x00000271   Thumb Code     2  startup.o(RESET)
    HardFault_Handler                        0x00000273   Thumb Code     2  startup.o(RESET)
    MemManage_Handler                        0x00000275   Thumb Code     2  startup.o(RESET)
    BusFault_Handler                         0x00000277   Thumb Code     2  startup.o(RESET)
    UsageFault_Handler                       0x00000279   Thumb Code     2  startup.o(RESET)
    SVC_Handler                              0x0000027b   Thumb Code     2  startup.o(RESET)
    DebugMon_Handler                         0x0000027d   Thumb Code     2  startup.o(RESET)
    PendSV_Handler                           0x0000027f   Thumb Code     2  startup.o(RESET)
    ADC0Seq0_Handler                         0x00000283   Thumb Code     0  startup.o(RESET)
    ADC0Seq1_Handler                         0x00000283   Thumb Code     0  startup.o(RESET)
    ADC0Seq2_Handler                         0x00000283   Thumb Code     0  startup.o(RESET)
    ADC0Seq3_Handler                         0x00000283   Thumb Code     0  startup.o(RESET)
    ADC1Seq0_Handler                         0x00000283   Thumb Code     0  startup.o(RESET)
    ADC1Seq1_Handler                         0x00000283   Thumb Code     0  startup.o(RESET)
    ADC1Seq2_Handler                         0x00000283   Thumb Code     0  startup.o(RESET)
    ADC1Seq3_Handler                         0x00000283   Thumb Code     0  startup.o(RESET)
    CAN0_Handler                             0x00000283   Thumb Code     0  startup.o(RESET)
    CAN1_Handler                             0x00000283   Thumb Code     0  startup.o(RESET)
    CAN2_Handler                             0x00000283   Thumb Code     0  startup.o(RESET)
    Comp0_Handler                            0x00000283   Thumb Code     0  startup.o(RESET)
    Comp1_Handler                            0x00000283   Thumb Code     0  startup.o(RESET)
    Comp2_Handler                            0x00000283   Thumb Code     0  startup.o(RESET)
    Ethernet_Handler                         0x00000283   Thumb Code     0  startup.o(RESET)
    ExtBus_Handler                           0x00000283   Thumb Code     0  startup.o(RESET)
    FPU_Handler                              0x00000283   Thumb Code     0  startup.o(RESET)
    Fan0_Handler                             0x00000283   Thumb Code     0  startup.o(RESET)
    FlashCtl_Handler                         0x00000283   Thumb Code     0  startup.o(RESET)
    GPIOPortA_Handler                        0x00000283   Thumb Code     0  startup.o(RESET)
    GPIOPortB_Handler                        0x00000283   Thumb Code     0  startup.o(RESET)
    GPIOPortC_Handler                        0x00000283   Thumb Code     0  startup.o(RESET)
    GPIOPortD_Handler                        0x00000283   Thumb Code     0  startup.o(RESET)
    GPIOPortE_Handler                        0x00000283   Thumb Code     0  startup.o(RESET)
    GPIOPortF_Handler                        0x00000283   Thumb Code     0  startup.o(RESET)
    GPIOPortG_Handler                        0x00000283   Thumb Code     0  startup.o(RESET)
    GPIOPortH_Handler                        0x00000283   Thumb Code     0  startup.o(RESET)
    GPIOPortJ_Handler                        0x00000283   Thumb Code     0  startup.o(RESET)
    GPIOPortK_Handler                        0x00000283   Thumb Code     0  startup.o(RESET)
    GPIOPortL_Handler                        0x00000283   Thumb Code     0  startup.o(RESET)
    GPIOPortM_Handler                        0x00000283   Thumb Code     0  startup.o(RESET)
    GPIOPortN_Handler                        0x00000283   Thumb Code     0  startup.o(RESET)
    GPIOPortP1_Handler                       0x00000283   Thumb Code     0  startup.o(RESET)
    GPIOPortP2_Handler                       0x00000283   Thumb Code     0  startup.o(RESET)
    GPIOPortP3_Handler                       0x00000283   Thumb Code     0  startup.o(RESET)
    GPIOPortP4_Handler                       0x00000283   Thumb Code     0  startup.o(RESET)
    GPIOPortP5_Handler                       0x00000283   Thumb Code     0  startup.o(RESET)
    GPIOPortP6_Handler                       0x00000283   Thumb Code     0  startup.o(RESET)
    GPIOPortP7_Handler                       0x00000283   Thumb Code     0  startup.o(RESET)
    GPIOPortP_Handler                        0x00000283   Thumb Code     0  startup.o(RESET)
    GPIOPortQ1_Handler                       0x00000283   Thumb Code     0  startup.o(RESET)
    GPIOPortQ2_Handler                       0x00000283   Thumb Code     0  startup.o(RESET)
    GPIOPortQ3_Handler                       0x00000283   Thumb Code     0  startup.o(RESET)
    GPIOPortQ4_Handler                       0x00000283   Thumb Code     0  startup.o(RESET)
    GPIOPortQ5_Handler                       0x00000283   Thumb Code     0  startup.o(RESET)
    GPIOPortQ6_Handler                       0x00000283   Thumb Code     0  startup.o(RESET)
    GPIOPortQ7_Handler                       0x00000283   Thumb Code     0  startup.o(RESET)
    GPIOPortQ_Handler                        0x00000283   Thumb Code     0  startup.o(RESET)
    GPIOPortR_Handler                        0x00000283   Thumb Code     0  startup.o(RESET)
    GPIOPortS_Handler                        0x00000283   Thumb Code     0  startup.o(RESET)
    Hibernate_Handler                        0x00000283   Thumb Code     0  startup.o(RESET)
    I2C0_Handler                             0x00000283   Thumb Code     0  startup.o(RESET)
    I2C1_Handler                             0x00000283   Thumb Code     0  startup.o(RESET)
    I2C2_Handler                             0x00000283   Thumb Code     0  startup.o(RESET)
    I2C3_Handler                             0x00000283   Thumb Code     0  startup.o(RESET)
    I2C4_Handler                             0x00000283   Thumb Code     0  startup.o(RESET)
    I2C5_Handler                             0x00000283   Thumb Code     0  startup.o(RESET)
    I2S0_Handler                             0x00000283   Thumb Code     0  startup.o(RESET)
    LPC0_Handler                             0x00000283   Thumb Code     0  startup.o(RESET)
    PECI0_Handler                            0x00000283   Thumb Code     0  startup.o(RESET)
    PWM0Fault_Handler                        0x00000283   Thumb Code     0  startup.o(RESET)
    PWM0Generator0_Handler                   0x00000283   Thumb Code     0  startup.o(RESET)
    PWM0Generator1_Handler                   0x00000283   Thumb Code     0  startup.o(RESET)
    PWM0Generator2_Handler                   0x00000283   Thumb Code     0  startup.o(RESET)
    PWM0Generator3_Handler                   0x00000283   Thumb Code     0  startup.o(RESET)
    PWM1Fault_Handler                        0x00000283   Thumb Code     0  startup.o(RESET)
    PWM1Generator0_Handler                   0x00000283   Thumb Code     0  startup.o(RESET)
    PWM1Generator1_Handler                   0x00000283   Thumb Code     0  startup.o(RESET)
    PWM1Generator2_Handler                   0x00000283   Thumb Code     0  startup.o(RESET)
    PWM1Generator3_Handler                   0x00000283   Thumb Code     0  startup.o(RESET)
    Quadrature0_Handler                      0x00000283   Thumb Code     0  startup.o(RESET)
    Quadrature1_Handler                      0x00000283   Thumb Code     0  startup.o(RESET)
    Quadrature2_Handler                      0x00000283   Thumb Code     0  startup.o(RESET)
    SSI0_Handler                             0x00000283   Thumb Code     0  startup.o(RESET)
    SSI1_Handler                             0x00000283   Thumb Code     0  startup.o(RESET)
    SSI2_Handler                             0x00000283   Thumb Code     0  startup.o(RESET)
    SSI3_Handler                             0x00000283   Thumb Code     0  startup.o(RESET)
    SysCtl_Handler                           0x00000283   Thumb Code     0  startup.o(RESET)
    Timer0B_Handler                          0x00000283   Thumb Code     0  startup.o(RESET)
    Timer1B_Handler                          0x00000283   Thumb Code     0  startup.o(RESET)
    Timer2A_Handler                          0x00000283   Thumb Code     0  startup.o(RESET)
    Timer2B_Handler                          0x00000283   Thumb Code     0  startup.o(RESET)
    Timer3A_Handler                          0x00000283   Thumb Code     0  startup.o(RESET)
    Timer3B_Handler                          0x00000283   Thumb Code     0  startup.o(RESET)
    Timer4B_Handler                          0x00000283   Thumb Code     0  startup.o(RESET)
    Timer5B_Handler                          0x00000283   Thumb Code     0  startup.o(RESET)
    UART0_Handler                            0x00000283   Thumb Code     0  startup.o(RESET)
    UART1_Handler                            0x00000283   Thumb Code     0  startup.o(RESET)
    UART2_Handler                            0x00000283   Thumb Code     0  startup.o(RESET)
    UART3_Handler                            0x00000283   Thumb Code     0  startup.o(RESET)
    UART4_Handler                            0x00000283   Thumb Code     0  startup.o(RESET)
    UART5_Handler                            0x00000283   Thumb Code     0  startup.o(RESET)
    UART6_Handler                            0x00000283   Thumb Code     0  startup.o(RESET)
    UART7_Handler                            0x00000283   Thumb Code     0  startup.o(RESET)
    USB0_Handler                             0x00000283   Thumb Code     0  startup.o(RESET)
    WDT_Handler                              0x00000283   Thumb Code     0  startup.o(RESET)
    WideTimer0A_Handler                      0x00000283   Thumb Code     0  startup.o(RESET)
    WideTimer0B_Handler                      0x00000283   Thumb Code     0  startup.o(RESET)
    WideTimer1A_Handler                      0x00000283   Thumb Code     0  startup.o(RESET)
    WideTimer1B_Handler                      0x00000283   Thumb Code     0  startup.o(RESET)
    WideTimer2A_Handler                      0x00000283   Thumb Code     0  startup.o(RESET)
    WideTimer2B_Handler                      0x00000283   Thumb Code     0  startup.o(RESET)
    WideTimer3A_Handler                      0x00000283   Thumb Code     0  startup.o(RESET)
    WideTimer3B_Handler                      0x00000283   Thumb Code     0  startup.o(RESET)
    WideTimer4A_Handler                      0x00000283   Thumb Code     0  startup.o(RESET)
    WideTimer4B_Handler                      0x00000283   Thumb Code     0  startup.o(RESET)
    WideTimer5A_Handler                      0x00000283   Thumb Code     0  startup.o(RESET)
    WideTimer5B_Handler                      0x00000283   Thumb Code     0  startup.o(RESET)
    uDMA_Error                               0x00000283   Thumb Code     0  startup.o(RESET)
    uDMA_Handler                             0x00000283   Thumb Code     0  startup.o(RESET)
    __main                                   0x00000285   Thumb Code     8  __main.o(!!!main)
    __scatterload                            0x0000028d   Thumb Code     0  __scatter.o(!!!scatter)
    __scatterload_rt2                        0x0000028d   Thumb Code    44  __scatter.o(!!!scatter)
    __scatterload_rt2_thumb_only             0x0000028d   Thumb Code     0  __scatter.o(!!!scatter)
    __scatterload_null                       0x0000029b   Thumb Code     0  __scatter.o(!!!scatter)
    __decompress                             0x000002c1   Thumb Code   100  __dclz77c.o(!!dclz77c)
    __decompress2                            0x000002c1   Thumb Code     0  __dclz77c.o(!!dclz77c)
    __scatterload_zeroinit                   0x00000325   Thumb Code    28  __scatter_zi.o(!!handler_zi)
    __rt_lib_init                            0x00000341   Thumb Code     0  libinit.o(.ARM.Collect$$libinit$$00000000)
    __rt_lib_init_alloca_1                   0x00000343   Thumb Code     0  libinit2.o(.ARM.Collect$$libinit$$0000002C)
    __rt_lib_init_argv_1                     0x00000343   Thumb Code     0  libinit2.o(.ARM.Collect$$libinit$$0000002A)
    __rt_lib_init_atexit_1                   0x00000343   Thumb Code     0  libinit2.o(.ARM.Collect$$libinit$$00000019)
    __rt_lib_init_clock_1                    0x00000343   Thumb Code     0  libinit2.o(.ARM.Collect$$libinit$$0000001F)
    __rt_lib_init_cpp_1                      0x00000343   Thumb Code     0  libinit2.o(.ARM.Collect$$libinit$$00000030)
    __rt_lib_init_exceptions_1               0x00000343   Thumb Code     0  libinit2.o(.ARM.Collect$$libinit$$0000002E)
    __rt_lib_init_fp_1                       0x00000343   Thumb Code     0  libinit2.o(.ARM.Collect$$libinit$$00000002)
    __rt_lib_init_fp_trap_1                  0x00000343   Thumb Code     0  libinit2.o(.ARM.Collect$$libinit$$0000001D)
    __rt_lib_init_getenv_1                   0x00000343   Thumb Code     0  libinit2.o(.ARM.Collect$$libinit$$00000021)
    __rt_lib_init_heap_1                     0x00000343   Thumb Code     0  libinit2.o(.ARM.Collect$$libinit$$00000008)
    __rt_lib_init_lc_collate_1               0x00000343   Thumb Code     0  libinit2.o(.ARM.Collect$$libinit$$0000000F)
    __rt_lib_init_lc_ctype_1                 0x00000343   Thumb Code     0  libinit2.o(.ARM.Collect$$libinit$$00000011)
    __rt_lib_init_lc_monetary_1              0x00000343   Thumb Code     0  libinit2.o(.ARM.Collect$$libinit$$00000013)
    __rt_lib_init_lc_numeric_1               0x00000343   Thumb Code     0  libinit2.o(.ARM.Collect$$libinit$$00000015)
    __rt_lib_init_lc_time_1                  0x00000343   Thumb Code     0  libinit2.o(.ARM.Collect$$libinit$$00000017)
    __rt_lib_init_rand_1                     0x00000343   Thumb Code     0  libinit2.o(.ARM.Collect$$libinit$$0000000C)
    __rt_lib_init_return                     0x00000343   Thumb Code     0  libinit2.o(.ARM.Collect$$libinit$$00000031)
    __rt_lib_init_signal_1                   0x00000343   Thumb Code     0  libinit2.o(.ARM.Collect$$libinit$$0000001B)
    __rt_lib_init_stdio_1                    0x00000343   Thumb Code     0  libinit2.o(.ARM.Collect$$libinit$$00000023)
    __rt_lib_init_user_alloc_1               0x00000343   Thumb Code     0  libinit2.o(.ARM.Collect$$libinit$$0000000A)
    __rt_lib_shutdown                        0x00000345   Thumb Code     0  libshutdown.o(.ARM.Collect$$libshutdown$$00000000)
    __rt_lib_shutdown_fp_trap_1              0x00000347   Thumb Code     0  libshutdown2.o(.ARM.Collect$$libshutdown$$00000006)
    __rt_lib_shutdown_heap_1                 0x00000347   Thumb Code     0  libshutdown2.o(.ARM.Collect$$libshutdown$$0000000E)
    __rt_lib_shutdown_return                 0x00000347   Thumb Code     0  libshutdown2.o(.ARM.Collect$$libshutdown$$0000000F)
    __rt_lib_shutdown_signal_1               0x00000347   Thumb Code     0  libshutdown2.o(.ARM.Collect$$libshutdown$$00000009)
    __rt_lib_shutdown_stdio_1                0x00000347   Thumb Code     0  libshutdown2.o(.ARM.Collect$$libshutdown$$00000003)
    __rt_lib_shutdown_user_alloc_1           0x00000347   Thumb Code     0  libshutdown2.o(.ARM.Collect$$libshutdown$$0000000B)
    __rt_entry                               0x00000349   Thumb Code     0  rtentry.o(.ARM.Collect$$rtentry$$00000000)
    __rt_entry_presh_1                       0x00000349   Thumb Code     0  rtentry2.o(.ARM.Collect$$rtentry$$00000002)
    __rt_entry_sh                            0x00000349   Thumb Code     0  rtentry4.o(.ARM.Collect$$rtentry$$00000004)
    __rt_entry_li                            0x0000034f   Thumb Code     0  rtentry2.o(.ARM.Collect$$rtentry$$0000000A)
    __rt_entry_postsh_1                      0x0000034f   Thumb Code     0  rtentry2.o(.ARM.Collect$$rtentry$$00000009)
    __rt_entry_main                          0x00000353   Thumb Code     0  rtentry2.o(.ARM.Collect$$rtentry$$0000000D)
    __rt_entry_postli_1                      0x00000353   Thumb Code     0  rtentry2.o(.ARM.Collect$$rtentry$$0000000C)
    __rt_exit                                0x0000035b   Thumb Code     0  rtexit.o(.ARM.Collect$$rtexit$$00000000)
    __rt_exit_ls                             0x0000035d   Thumb Code     0  rtexit2.o(.ARM.Collect$$rtexit$$00000003)
    __rt_exit_prels_1                        0x0000035d   Thumb Code     0  rtexit2.o(.ARM.Collect$$rtexit$$00000002)
    __rt_exit_exit                           0x00000361   Thumb Code     0  rtexit2.o(.ARM.Collect$$rtexit$$00000004)
    DisableInterrupts                        0x00000369   Thumb Code     0  startup.o(.text)
    EnableInterrupts                         0x0000036d   Thumb Code     0  startup.o(.text)
    StartCritical                            0x00000371   Thumb Code     0  startup.o(.text)
    EndCritical                              0x00000379   Thumb Code     0  startup.o(.text)
    WaitForInterrupt                         0x0000037f   Thumb Code     0  startup.o(.text)
    __user_initial_stackheap                 0x00000383   Thumb Code     0  startup.o(.text)
    Random_Init                              0x00000399   Thumb Code     0  random.o(.text)
    Random32                                 0x000003a3   Thumb Code     2  random.o(.text)
    Random                                   0x000003b5   Thumb Code     2  random.o(.text)
    writecommand                             0x000003d9   Thumb Code     0  lcd.o(.text)
    writedata                                0x00000405   Thumb Code     0  lcd.o(.text)
    LCD_OutDec                               0x00000435   Thumb Code     0  print.o(.text)
    LCD_OutFix                               0x000004ab   Thumb Code     0  print.o(.text)
    ADC1_Init                                0x00000585   Thumb Code   170  texas.o(.text)
    SetCode                                  0x0000062f   Thumb Code    20  texas.o(.text)
    UART0_Init                               0x00000643   Thumb Code   162  texas.o(.text)
    SetCourse                                0x000006e5   Thumb Code    22  texas.o(.text)
    PLL_Init                                 0x000006fb   Thumb Code   118  texas.o(.text)
    TExaS_Init                               0x00000771   Thumb Code   282  texas.o(.text)
    StopTimer4                               0x0000088b   Thumb Code    16  texas.o(.text)
    StartTimer4                              0x0000089b   Thumb Code    24  texas.o(.text)
    Timer4A_Handler                          0x000008b3   Thumb Code    20  texas.o(.text)
    ADC1_In                                  0x000008c7   Thumb Code     6  texas.o(.text)
    Timer5A_Handler                          0x000008cd   Thumb Code    34  texas.o(.text)
    TExaS_Stop                               0x000008ef   Thumb Code    18  texas.o(.text)
    copy                                     0x00000901   Thumb Code    16  texas.o(.text)
    SetMode                                  0x00000911   Thumb Code    22  texas.o(.text)
    UART0_InChar                             0x00000927   Thumb Code    20  texas.o(.text)
    UART0_InCharNonBlocking                  0x0000093b   Thumb Code    22  texas.o(.text)
    UART0_OutChar                            0x00000951   Thumb Code   200  texas.o(.text)
    UART0_OutCharNonBlock                    0x00000a19   Thumb Code     6  texas.o(.text)
    __aeabi_memcpy4                          0x00000a25   Thumb Code     0  rt_memcpy_w.o(.text)
    __aeabi_memcpy8                          0x00000a25   Thumb Code     0  rt_memcpy_w.o(.text)
    __rt_memcpy_w                            0x00000a25   Thumb Code   100  rt_memcpy_w.o(.text)
    _memcpy_lastbytes_aligned                0x00000a6d   Thumb Code     0  rt_memcpy_w.o(.text)
    __use_two_region_memory                  0x00000a89   Thumb Code     2  heapauxi.o(.text)
    __rt_heap_escrow$2region                 0x00000a8b   Thumb Code     2  heapauxi.o(.text)
    __rt_heap_expand$2region                 0x00000a8d   Thumb Code     2  heapauxi.o(.text)
    __user_setup_stackheap                   0x00000a8f   Thumb Code    74  sys_stackheap_outer.o(.text)
    exit                                     0x00000ad9   Thumb Code    12  exit.o(.text)
    __user_libspace                          0x00000ae5   Thumb Code     8  libspace.o(.text)
    __user_perproc_libspace                  0x00000ae5   Thumb Code     0  libspace.o(.text)
    __user_perthread_libspace                0x00000ae5   Thumb Code     0  libspace.o(.text)
    _sys_exit                                0x00000aed   Thumb Code     8  sys_exit.o(.text)
    __I$use$semihosting                      0x00000af9   Thumb Code     0  use_no_semi.o(.text)
    __use_no_semihosting_swi                 0x00000af9   Thumb Code     2  use_no_semi.o(.text)
    __semihosting_library_function           0x00000afb   Thumb Code     0  indicate_semi.o(.text)
    ADC_In                                   0x00000afd   Thumb Code    40  adc.o(i.ADC_In)
    ADC_Init                                 0x00000b2d   Thumb Code   212  adc.o(i.ADC_Init)
    Bullet1shoot                             0x00000c21   Thumb Code   422  spaceinvaders.o(i.Bullet1shoot)
    Bullet2shoot                             0x00000dcd   Thumb Code   438  spaceinvaders.o(i.Bullet2shoot)
    BulletDistance                           0x00000f91   Thumb Code   272  spaceinvaders.o(i.BulletDistance)
    Bullet_Count                             0x000010b1   Thumb Code   278  spaceinvaders.o(i.Bullet_Count)
    Bullet_Draw                              0x000011d9   Thumb Code   324  spaceinvaders.o(i.Bullet_Draw)
    Bulletrotate1                            0x0000133d   Thumb Code    18  spaceinvaders.o(i.Bulletrotate1)
    Bulletrotate2                            0x00001359   Thumb Code    18  spaceinvaders.o(i.Bulletrotate2)
    DAC_Init                                 0x00001375   Thumb Code    84  dac.o(i.DAC_Init)
    DAC_Out                                  0x000013d5   Thumb Code     8  dac.o(i.DAC_Out)
    Delay                                    0x000013e1   Thumb Code    30  spaceinvaders.o(i.Delay)
    Delay1ms                                 0x00001405   Thumb Code    32  st7735.o(i.Delay1ms)
    Draw_Screen                              0x00001425   Thumb Code   436  spaceinvaders.o(i.Draw_Screen)
    Move1                                    0x0000161d   Thumb Code   714  spaceinvaders.o(i.Move1)
    Move2                                    0x000018f9   Thumb Code   180  spaceinvaders.o(i.Move2)
    Output_Init                              0x000019b5   Thumb Code    16  st7735.o(i.Output_Init)
    Player_Hit                               0x000019c5   Thumb Code   330  spaceinvaders.o(i.Player_Hit)
    Port_Init                                0x00001b29   Thumb Code   104  spaceinvaders.o(i.Port_Init)
    Rotate1                                  0x00001ba5   Thumb Code   108  spaceinvaders.o(i.Rotate1)
    Rotate2                                  0x00001c15   Thumb Code   214  spaceinvaders.o(i.Rotate2)
    ST7735_DrawBitmap                        0x00001cf5   Thumb Code   280  st7735.o(i.ST7735_DrawBitmap)
    ST7735_DrawCharS                         0x00001e15   Thumb Code   232  st7735.o(i.ST7735_DrawCharS)
    ST7735_DrawPixel                         0x00001f09   Thumb Code    64  st7735.o(i.ST7735_DrawPixel)
    ST7735_DrawString                        0x00001f51   Thumb Code    86  st7735.o(i.ST7735_DrawString)
    ST7735_FillRect                          0x00001fa9   Thumb Code   164  st7735.o(i.ST7735_FillRect)
    ST7735_FillScreen                        0x00002055   Thumb Code    28  st7735.o(i.ST7735_FillScreen)
    ST7735_InitR                             0x00002079   Thumb Code    90  st7735.o(i.ST7735_InitR)
    ST7735_OutChar                           0x000020f5   Thumb Code   176  st7735.o(i.ST7735_OutChar)
    ST7735_OutString                         0x000021c9   Thumb Code    24  st7735.o(i.ST7735_OutString)
    ST7735_SetCursor                         0x000021e1   Thumb Code    22  st7735.o(i.ST7735_SetCursor)
    ST7735_SetRotation                       0x00002201   Thumb Code   196  st7735.o(i.ST7735_SetRotation)
    Sound_Explosion                          0x000022d5   Thumb Code    14  sound.o(i.Sound_Explosion)
    Sound_Init                               0x000022e9   Thumb Code    22  sound.o(i.Sound_Init)
    Sound_Killed                             0x00002309   Thumb Code    14  sound.o(i.Sound_Killed)
    Sound_Play                               0x0000231d   Thumb Code    30  sound.o(i.Sound_Play)
    Sound_Playerhit                          0x00002349   Thumb Code    14  sound.o(i.Sound_Playerhit)
    Sound_Shoot                              0x0000235d   Thumb Code    14  sound.o(i.Sound_Shoot)
    Sound_Turrethit                          0x00002371   Thumb Code    14  sound.o(i.Sound_Turrethit)
    SysTick_Handler                          0x00002385   Thumb Code    12  systick.o(i.SysTick_Handler)
    SysTick_Init                             0x00002395   Thumb Code    54  systick.o(i.SysTick_Init)
    Timer0A_Handler                          0x000023d5   Thumb Code    52  sound.o(i.Timer0A_Handler)
    Timer0A_Stop                             0x00002419   Thumb Code     8  timer0.o(i.Timer0A_Stop)
    Timer0_Init                              0x00002425   Thumb Code    72  timer0.o(i.Timer0_Init)
    Timer1A_Handler                          0x0000247d   Thumb Code    16  timer1.o(i.Timer1A_Handler)
    Timer1_Init                              0x00002495   Thumb Code    76  timer1.o(i.Timer1_Init)
    Turret_Hit                               0x000024f5   Thumb Code   232  spaceinvaders.o(i.Turret_Hit)
    Update_Bullet1                           0x00002601   Thumb Code   160  spaceinvaders.o(i.Update_Bullet1)
    Update_Bullet2                           0x000026b1   Thumb Code   200  spaceinvaders.o(i.Update_Bullet2)
    Update_Chest                             0x00002789   Thumb Code   118  spaceinvaders.o(i.Update_Chest)
    Update_Status                            0x00002811   Thumb Code    60  spaceinvaders.o(i.Update_Status)
    main                                     0x00002a2d   Thumb Code   596  spaceinvaders.o(i.main)
    shoot                                    0x00002dbc   Data        4080  sound.o(.constdata)
    invaderkilled                            0x00003dac   Data        3377  sound.o(.constdata)
    explosion                                0x00004add   Data        2000  sound.o(.constdata)
    fastinvader1                             0x000052ad   Data         982  sound.o(.constdata)
    fastinvader2                             0x00005683   Data        1042  sound.o(.constdata)
    fastinvader3                             0x00005a95   Data        1054  sound.o(.constdata)
    fastinvader4                             0x00005eb3   Data        1098  sound.o(.constdata)
    highpitch                                0x000062fd   Data        1802  sound.o(.constdata)
    dBfs                                     0x00006fe9   Data         512  st7735.o(.constdata)
    InputPortMsg                             0x000071e9   Data          40  texas.o(.constdata)
    OutputPortMsg                            0x00007211   Data          40  texas.o(.constdata)
    BlankMsg                                 0x00007239   Data          40  texas.o(.constdata)
    InitializedMsg                           0x00007261   Data          40  texas.o(.constdata)
    IntroMsg                                 0x00007289   Data          40  texas.o(.constdata)
    DoneMsg                                  0x000072b1   Data          40  texas.o(.constdata)
    Region$$Table$$Base                      0x000072dc   Number         0  anon$$obj.o(Region$$Table)
    Region$$Table$$Limit                     0x000072fc   Number         0  anon$$obj.o(Region$$Table)
    delay                                    0x20000000   Data           4  adc.o(.data)
    PeriodicTask1                            0x20000004   Data           4  timer1.o(.data)
    playerhit                                0x20000008   Data        1402  sound.o(.data)
    turrethit                                0x20000582   Data        2467  sound.o(.data)
    buff                                     0x20000f28   Data           4  sound.o(.data)
    counter                                  0x20000f2c   Data           4  sound.o(.data)
    pointer                                  0x20000f30   Data           4  sound.o(.data)
    note                                     0x20000f34   Data           4  sound.o(.data)
    chest                                    0x20000f38   Data         264  spaceinvaders.o(.data)
    chestopen                                0x20001040   Data         288  spaceinvaders.o(.data)
    turret1                                  0x20001160   Data        1680  spaceinvaders.o(.data)
    turret2                                  0x200017f0   Data        1680  spaceinvaders.o(.data)
    back                                     0x20001e80   Data         750  spaceinvaders.o(.data)
    right                                    0x2000216e   Data         750  spaceinvaders.o(.data)
    rightminus                               0x2000245c   Data         750  spaceinvaders.o(.data)
    rightplus                                0x2000274a   Data         750  spaceinvaders.o(.data)
    front                                    0x20002a38   Data         750  spaceinvaders.o(.data)
    kill                                     0x20002d26   Data         736  spaceinvaders.o(.data)
    left                                     0x20003006   Data         750  spaceinvaders.o(.data)
    leftminus                                0x200032f4   Data         750  spaceinvaders.o(.data)
    leftplus                                 0x200035e2   Data         598  spaceinvaders.o(.data)
    rightminusa                              0x20003838   Data         672  spaceinvaders.o(.data)
    righta                                   0x20003ad8   Data         672  spaceinvaders.o(.data)
    leftplusa                                0x20003d78   Data         672  spaceinvaders.o(.data)
    leftminusa                               0x20004018   Data         672  spaceinvaders.o(.data)
    lefta                                    0x200042b8   Data         672  spaceinvaders.o(.data)
    killa                                    0x20004558   Data         504  spaceinvaders.o(.data)
    fronta                                   0x20004750   Data         672  spaceinvaders.o(.data)
    backa                                    0x200049f0   Data         672  spaceinvaders.o(.data)
    rightplusa                               0x20004c90   Data         672  spaceinvaders.o(.data)
    enemybulletback                          0x20004f30   Data         110  spaceinvaders.o(.data)
    enemybulletfront                         0x20004f9e   Data         110  spaceinvaders.o(.data)
    enemybulletleft                          0x2000500c   Data         110  spaceinvaders.o(.data)
    enemybulletleftminus                     0x2000507a   Data         200  spaceinvaders.o(.data)
    enemybulletleftplus                      0x20005142   Data         200  spaceinvaders.o(.data)
    enemybulletright                         0x2000520a   Data         110  spaceinvaders.o(.data)
    friendlybulletrightminus                 0x20005278   Data         242  spaceinvaders.o(.data)
    friendlybulletright                      0x2000536a   Data         144  spaceinvaders.o(.data)
    friendlybulletleft                       0x200053fa   Data         144  spaceinvaders.o(.data)
    friendlybulletforward                    0x2000548a   Data         144  spaceinvaders.o(.data)
    friendlybulletback                       0x2000551a   Data         144  spaceinvaders.o(.data)
    friendlybulletrightplus                  0x200055aa   Data         242  spaceinvaders.o(.data)
    character1w                              0x2000569c   Data          28  spaceinvaders.o(.data)
    character1h                              0x200056b8   Data          28  spaceinvaders.o(.data)
    character2w                              0x200056d4   Data          28  spaceinvaders.o(.data)
    character2h                              0x200056f0   Data          28  spaceinvaders.o(.data)
    friendlybulletw                          0x2000570c   Data          24  spaceinvaders.o(.data)
    friendlybulleth                          0x20005724   Data          24  spaceinvaders.o(.data)
    enemybulletw                             0x2000573c   Data          24  spaceinvaders.o(.data)
    enemybulleth                             0x20005754   Data          24  spaceinvaders.o(.data)
    char1im                                  0x2000576c   Data          28  spaceinvaders.o(.data)
    char2im                                  0x20005788   Data          28  spaceinvaders.o(.data)
    bullet1im                                0x200057a4   Data          24  spaceinvaders.o(.data)
    bullet2im                                0x200057bc   Data          24  spaceinvaders.o(.data)
    rotation                                 0x200057d4   Data           4  spaceinvaders.o(.data)
    temp                                     0x200057d8   Data           4  spaceinvaders.o(.data)
    temp1                                    0x200057dc   Data           4  spaceinvaders.o(.data)
    chesttemp                                0x200057e0   Data           4  spaceinvaders.o(.data)
    chestim                                  0x200057e4   Data           8  spaceinvaders.o(.data)
    chestw                                   0x200057ec   Data           8  spaceinvaders.o(.data)
    chesth                                   0x200057f4   Data           8  spaceinvaders.o(.data)
    cheststate                               0x200057fc   Data           4  spaceinvaders.o(.data)
    gamestate                                0x20005800   Data           4  spaceinvaders.o(.data)
    turret1health                            0x20005804   Data           4  spaceinvaders.o(.data)
    turret2health                            0x20005808   Data           4  spaceinvaders.o(.data)
    StX                                      0x2000580c   Data           4  st7735.o(.data)
    StY                                      0x20005810   Data           4  st7735.o(.data)
    StTextColor                              0x20005814   Data           2  st7735.o(.data)
    lastj                                    0x2000581c   Data           4  st7735.o(.data)
    Messageindex                             0x20005824   Data           4  st7735.o(.data)
    Ymax                                     0x20005828   Data           4  st7735.o(.data)
    Ymin                                     0x2000582c   Data           4  st7735.o(.data)
    X                                        0x20005830   Data           4  st7735.o(.data)
    Yrange                                   0x20005834   Data           4  st7735.o(.data)
    TExaS_Period                             0x20005838   Data           4  texas.o(.data)
    TExaS_Ports                              0x2000583c   Data           8  texas.o(.data)
    TExaS_Meter                              0x20005844   Data           4  texas.o(.data)
    ADCnum                                   0x20005848   Data           4  texas.o(.data)
    LastMode                                 0x2000584c   Data           4  texas.o(.data)
    bFlag                                    0x20005850   Data           4  texas.o(.data)
    Count                                    0x20005854   Data           4  texas.o(.data)
    DelayBetweenTests                        0x20005858   Data           4  texas.o(.data)
    TExaS_Test                               0x2000585c   Data           4  texas.o(.data)
    ScopeMode                                0x20005860   Data           4  texas.o(.data)
    ScopeCount                               0x20005864   Data           4  texas.o(.data)
    char1                                    0x2000586c   Data         140  spaceinvaders.o(.bss)
    char2                                    0x200058f8   Data         140  spaceinvaders.o(.bss)
    bullet1                                  0x20005984   Data         400  spaceinvaders.o(.bss)
    bullet2                                  0x20005b14   Data         400  spaceinvaders.o(.bss)
    char1r                                   0x20005ca4   Data         140  spaceinvaders.o(.bss)
    char2r                                   0x20005d30   Data         140  spaceinvaders.o(.bss)
    bullet1r                                 0x20005dbc   Data         400  spaceinvaders.o(.bss)
    bullet2r                                 0x20005f4c   Data         400  spaceinvaders.o(.bss)
    TExaS                                    0x200060e0   Data          56  texas.o(.bss)
    __libspace_start                         0x20006118   Data          96  libspace.o(.bss)
    __temporary_stack_top$libspace           0x20006178   Data           0  libspace.o(.bss)



==============================================================================

Memory Map of the image

  Image Entry point : 0x0000026d

  Load Region LR_1 (Base: 0x00000000, Size: 0x0000cb68, Max: 0xffffffff, ABSOLUTE, COMPRESSED[0x000090e4])

    Execution Region ER_RO (Base: 0x00000000, Size: 0x000072fc, Max: 0xffffffff, ABSOLUTE)

    Base Addr    Size         Type   Attr      Idx    E Section Name        Object

    0x00000000   0x00000284   Code   RO            3  * RESET               startup.o
    0x00000284   0x00000008   Code   RO          660  * !!!main             c_w.l(__main.o)
    0x0000028c   0x00000034   Code   RO          816    !!!scatter          c_w.l(__scatter.o)
    0x000002c0   0x00000064   Code   RO          814    !!dclz77c           c_w.l(__dclz77c.o)
    0x00000324   0x0000001c   Code   RO          818    !!handler_zi        c_w.l(__scatter_zi.o)
    0x00000340   0x00000002   Code   RO          687    .ARM.Collect$$libinit$$00000000  c_w.l(libinit.o)
    0x00000342   0x00000000   Code   RO          694    .ARM.Collect$$libinit$$00000002  c_w.l(libinit2.o)
    0x00000342   0x00000000   Code   RO          697    .ARM.Collect$$libinit$$00000008  c_w.l(libinit2.o)
    0x00000342   0x00000000   Code   RO          699    .ARM.Collect$$libinit$$0000000A  c_w.l(libinit2.o)
    0x00000342   0x00000000   Code   RO          701    .ARM.Collect$$libinit$$0000000C  c_w.l(libinit2.o)
    0x00000342   0x00000000   Code   RO          704    .ARM.Collect$$libinit$$0000000F  c_w.l(libinit2.o)
    0x00000342   0x00000000   Code   RO          706    .ARM.Collect$$libinit$$00000011  c_w.l(libinit2.o)
    0x00000342   0x00000000   Code   RO          708    .ARM.Collect$$libinit$$00000013  c_w.l(libinit2.o)
    0x00000342   0x00000000   Code   RO          710    .ARM.Collect$$libinit$$00000015  c_w.l(libinit2.o)
    0x00000342   0x00000000   Code   RO          712    .ARM.Collect$$libinit$$00000017  c_w.l(libinit2.o)
    0x00000342   0x00000000   Code   RO          714    .ARM.Collect$$libinit$$00000019  c_w.l(libinit2.o)
    0x00000342   0x00000000   Code   RO          716    .ARM.Collect$$libinit$$0000001B  c_w.l(libinit2.o)
    0x00000342   0x00000000   Code   RO          718    .ARM.Collect$$libinit$$0000001D  c_w.l(libinit2.o)
    0x00000342   0x00000000   Code   RO          720    .ARM.Collect$$libinit$$0000001F  c_w.l(libinit2.o)
    0x00000342   0x00000000   Code   RO          722    .ARM.Collect$$libinit$$00000021  c_w.l(libinit2.o)
    0x00000342   0x00000000   Code   RO          724    .ARM.Collect$$libinit$$00000023  c_w.l(libinit2.o)
    0x00000342   0x00000000   Code   RO          728    .ARM.Collect$$libinit$$0000002A  c_w.l(libinit2.o)
    0x00000342   0x00000000   Code   RO          730    .ARM.Collect$$libinit$$0000002C  c_w.l(libinit2.o)
    0x00000342   0x00000000   Code   RO          732    .ARM.Collect$$libinit$$0000002E  c_w.l(libinit2.o)
    0x00000342   0x00000000   Code   RO          734    .ARM.Collect$$libinit$$00000030  c_w.l(libinit2.o)
    0x00000342   0x00000002   Code   RO          735    .ARM.Collect$$libinit$$00000031  c_w.l(libinit2.o)
    0x00000344   0x00000002   Code   RO          755    .ARM.Collect$$libshutdown$$00000000  c_w.l(libshutdown.o)
    0x00000346   0x00000000   Code   RO          769    .ARM.Collect$$libshutdown$$00000003  c_w.l(libshutdown2.o)
    0x00000346   0x00000000   Code   RO          772    .ARM.Collect$$libshutdown$$00000006  c_w.l(libshutdown2.o)
    0x00000346   0x00000000   Code   RO          775    .ARM.Collect$$libshutdown$$00000009  c_w.l(libshutdown2.o)
    0x00000346   0x00000000   Code   RO          777    .ARM.Collect$$libshutdown$$0000000B  c_w.l(libshutdown2.o)
    0x00000346   0x00000000   Code   RO          780    .ARM.Collect$$libshutdown$$0000000E  c_w.l(libshutdown2.o)
    0x00000346   0x00000002   Code   RO          781    .ARM.Collect$$libshutdown$$0000000F  c_w.l(libshutdown2.o)
    0x00000348   0x00000000   Code   RO          662    .ARM.Collect$$rtentry$$00000000  c_w.l(rtentry.o)
    0x00000348   0x00000000   Code   RO          664    .ARM.Collect$$rtentry$$00000002  c_w.l(rtentry2.o)
    0x00000348   0x00000006   Code   RO          676    .ARM.Collect$$rtentry$$00000004  c_w.l(rtentry4.o)
    0x0000034e   0x00000000   Code   RO          666    .ARM.Collect$$rtentry$$00000009  c_w.l(rtentry2.o)
    0x0000034e   0x00000004   Code   RO          667    .ARM.Collect$$rtentry$$0000000A  c_w.l(rtentry2.o)
    0x00000352   0x00000000   Code   RO          669    .ARM.Collect$$rtentry$$0000000C  c_w.l(rtentry2.o)
    0x00000352   0x00000008   Code   RO          670    .ARM.Collect$$rtentry$$0000000D  c_w.l(rtentry2.o)
    0x0000035a   0x00000002   Code   RO          691    .ARM.Collect$$rtexit$$00000000  c_w.l(rtexit.o)
    0x0000035c   0x00000000   Code   RO          737    .ARM.Collect$$rtexit$$00000002  c_w.l(rtexit2.o)
    0x0000035c   0x00000004   Code   RO          738    .ARM.Collect$$rtexit$$00000003  c_w.l(rtexit2.o)
    0x00000360   0x00000006   Code   RO          739    .ARM.Collect$$rtexit$$00000004  c_w.l(rtexit2.o)
    0x00000366   0x00000002   PAD
    0x00000368   0x00000030   Code   RO            4    .text               startup.o
    0x00000398   0x00000040   Code   RO           13    .text               random.o
    0x000003d8   0x00000058   Code   RO          195    .text               lcd.o
    0x00000430   0x00000154   Code   RO          198    .text               print.o
    0x00000584   0x000004a0   Code   RO          637    .text               texas.o
    0x00000a24   0x00000064   Code   RO          656    .text               c_w.l(rt_memcpy_w.o)
    0x00000a88   0x00000006   Code   RO          658    .text               c_w.l(heapauxi.o)
    0x00000a8e   0x0000004a   Code   RO          678    .text               c_w.l(sys_stackheap_outer.o)
    0x00000ad8   0x0000000c   Code   RO          680    .text               c_w.l(exit.o)
    0x00000ae4   0x00000008   Code   RO          688    .text               c_w.l(libspace.o)
    0x00000aec   0x0000000c   Code   RO          747    .text               c_w.l(sys_exit.o)
    0x00000af8   0x00000002   Code   RO          758    .text               c_w.l(use_no_semi.o)
    0x00000afa   0x00000000   Code   RO          760    .text               c_w.l(indicate_semi.o)
    0x00000afa   0x00000002   PAD
    0x00000afc   0x00000030   Code   RO           41    i.ADC_In            adc.o
    0x00000b2c   0x000000f4   Code   RO           42    i.ADC_Init          adc.o
    0x00000c20   0x000001ac   Code   RO          201    i.Bullet1shoot      spaceinvaders.o
    0x00000dcc   0x000001c4   Code   RO          202    i.Bullet2shoot      spaceinvaders.o
    0x00000f90   0x00000120   Code   RO          203    i.BulletDistance    spaceinvaders.o
    0x000010b0   0x00000128   Code   RO          204    i.Bullet_Count      spaceinvaders.o
    0x000011d8   0x00000164   Code   RO          205    i.Bullet_Draw       spaceinvaders.o
    0x0000133c   0x0000001c   Code   RO          206    i.Bulletrotate1     spaceinvaders.o
    0x00001358   0x0000001c   Code   RO          207    i.Bulletrotate2     spaceinvaders.o
    0x00001374   0x00000060   Code   RO           16    i.DAC_Init          dac.o
    0x000013d4   0x0000000c   Code   RO           17    i.DAC_Out           dac.o
    0x000013e0   0x00000024   Code   RO          208    i.Delay             spaceinvaders.o
    0x00001404   0x00000020   Code   RO          343    i.Delay1ms          st7735.o
    0x00001424   0x000001f8   Code   RO          209    i.Draw_Screen       spaceinvaders.o
    0x0000161c   0x000002dc   Code   RO          210    i.Move1             spaceinvaders.o
    0x000018f8   0x000000bc   Code   RO          211    i.Move2             spaceinvaders.o
    0x000019b4   0x00000010   Code   RO          346    i.Output_Init       st7735.o
    0x000019c4   0x00000164   Code   RO          212    i.Player_Hit        spaceinvaders.o
    0x00001b28   0x0000007c   Code   RO          213    i.Port_Init         spaceinvaders.o
    0x00001ba4   0x00000070   Code   RO          214    i.Rotate1           spaceinvaders.o
    0x00001c14   0x000000e0   Code   RO          215    i.Rotate2           spaceinvaders.o
    0x00001cf4   0x00000120   Code   RO          350    i.ST7735_DrawBitmap  st7735.o
    0x00001e14   0x000000f4   Code   RO          352    i.ST7735_DrawCharS  st7735.o
    0x00001f08   0x00000048   Code   RO          355    i.ST7735_DrawPixel  st7735.o
    0x00001f50   0x00000056   Code   RO          356    i.ST7735_DrawString  st7735.o
    0x00001fa6   0x00000002   PAD
    0x00001fa8   0x000000ac   Code   RO          357    i.ST7735_FillRect   st7735.o
    0x00002054   0x00000024   Code   RO          358    i.ST7735_FillScreen  st7735.o
    0x00002078   0x0000007c   Code   RO          360    i.ST7735_InitR      st7735.o
    0x000020f4   0x000000d4   Code   RO          362    i.ST7735_OutChar    st7735.o
    0x000021c8   0x00000018   Code   RO          363    i.ST7735_OutString  st7735.o
    0x000021e0   0x00000020   Code   RO          373    i.ST7735_SetCursor  st7735.o
    0x00002200   0x000000d4   Code   RO          374    i.ST7735_SetRotation  st7735.o
    0x000022d4   0x00000014   Code   RO          104    i.Sound_Explosion   sound.o
    0x000022e8   0x00000020   Code   RO          110    i.Sound_Init        sound.o
    0x00002308   0x00000014   Code   RO          111    i.Sound_Killed      sound.o
    0x0000231c   0x0000002c   Code   RO          112    i.Sound_Play        sound.o
    0x00002348   0x00000014   Code   RO          113    i.Sound_Playerhit   sound.o
    0x0000235c   0x00000014   Code   RO          114    i.Sound_Shoot       sound.o
    0x00002370   0x00000014   Code   RO          115    i.Sound_Turrethit   sound.o
    0x00002384   0x00000010   Code   RO          606    i.SysTick_Handler   systick.o
    0x00002394   0x00000040   Code   RO          607    i.SysTick_Init      systick.o
    0x000023d4   0x00000044   Code   RO          116    i.Timer0A_Handler   sound.o
    0x00002418   0x0000000c   Code   RO           62    i.Timer0A_Stop      timer0.o
    0x00002424   0x00000058   Code   RO           63    i.Timer0_Init       timer0.o
    0x0000247c   0x00000018   Code   RO           83    i.Timer1A_Handler   timer1.o
    0x00002494   0x00000060   Code   RO           84    i.Timer1_Init       timer1.o
    0x000024f4   0x0000010c   Code   RO          216    i.Turret_Hit        spaceinvaders.o
    0x00002600   0x000000b0   Code   RO          217    i.Update_Bullet1    spaceinvaders.o
    0x000026b0   0x000000d8   Code   RO          218    i.Update_Bullet2    spaceinvaders.o
    0x00002788   0x00000088   Code   RO          219    i.Update_Chest      spaceinvaders.o
    0x00002810   0x00000040   Code   RO          220    i.Update_Status     spaceinvaders.o
    0x00002850   0x00000056   Code   RO          377    i.commandList       st7735.o
    0x000028a6   0x00000002   PAD
    0x000028a8   0x00000184   Code   RO          378    i.commonInit        st7735.o
    0x00002a2c   0x00000308   Code   RO          221    i.main              spaceinvaders.o
    0x00002d34   0x00000012   Code   RO          383    i.pushColor         st7735.o
    0x00002d46   0x00000002   PAD
    0x00002d48   0x00000074   Code   RO          384    i.setAddrWindow     st7735.o
    0x00002dbc   0x00003c4b   Data   RO          117    .constdata          sound.o
    0x00006a07   0x000007e2   Data   RO          386    .constdata          st7735.o
    0x000071e9   0x000000f0   Data   RO          639    .constdata          texas.o
    0x000072d9   0x00000003   PAD
    0x000072dc   0x00000020   Data   RO          812    Region$$Table       anon$$obj.o


    Execution Region ER_RW (Base: 0x20000000, Size: 0x0000586c, Max: 0xffffffff, ABSOLUTE, COMPRESSED[0x00001de8])

    Base Addr    Size         Type   Attr      Idx    E Section Name        Object

    0x20000000   0x00000004   Data   RW           43    .data               adc.o
    0x20000004   0x00000004   Data   RW           85    .data               timer1.o
    0x20000008   0x00000f30   Data   RW          118    .data               sound.o
    0x20000f38   0x000048d4   Data   RW          223    .data               spaceinvaders.o
    0x2000580c   0x0000002c   Data   RW          387    .data               st7735.o
    0x20005838   0x00000030   Data   RW          640    .data               texas.o
    0x20005868   0x00000004   Data   RW           12    DATA                random.o


    Execution Region ER_ZI (Base: 0x2000586c, Size: 0x00000d0c, Max: 0xffffffff, ABSOLUTE)

    Base Addr    Size         Type   Attr      Idx    E Section Name        Object

    0x2000586c   0x00000870   Zero   RW          222    .bss                spaceinvaders.o
    0x200060dc   0x00000004   PAD
    0x200060e0   0x00000038   Zero   RW          638    .bss                texas.o
    0x20006118   0x00000060   Zero   RW          689    .bss                c_w.l(libspace.o)
    0x20006178   0x00000000   Zero   RW            2    HEAP                startup.o
    0x20006178   0x00000400   Zero   RW            1    STACK               startup.o


==============================================================================

Image component sizes


      Code (inc. data)   RO Data    RW Data    ZI Data      Debug   Object Name

       292         40          0          4          0       1084   adc.o
       108         16          0          0          0       5017   dac.o
        88         12          0          0          0        244   lcd.o
       340         10          0          0          0        312   print.o
        64         14          0          4          0        236   random.o
       244         70      15435       3888          0       4551   sound.o
      5788        556          0      18644       2160      17424   spaceinvaders.o
      2158        198       2018         44          0      13457   st7735.o
       692        632          0          0       1024        980   startup.o
        80         14          0          0          0        829   systick.o
      1184        188        240         48         56      14668   texas.o
       100         20          0          0          0        841   timer0.o
       120         28          0          4          0       1428   timer1.o

    ----------------------------------------------------------------------
     11264       1798      17728      22636       3244      61071   Object Totals
         0          0         32          0          0          0   (incl. Generated)
         6          0          3          0          4          0   (incl. Padding)

    ----------------------------------------------------------------------

      Code (inc. data)   RO Data    RW Data    ZI Data      Debug   Library Member Name

       100          0          0          0          0          0   __dclz77c.o
         8          0          0          0          0         68   __main.o
        52          8          0          0          0          0   __scatter.o
        28          0          0          0          0          0   __scatter_zi.o
        12          0          0          0          0         72   exit.o
         6          0          0          0          0        152   heapauxi.o
         0          0          0          0          0          0   indicate_semi.o
         2          0          0          0          0          0   libinit.o
         2          0          0          0          0          0   libinit2.o
         2          0          0          0          0          0   libshutdown.o
         2          0          0          0          0          0   libshutdown2.o
         8          4          0          0         96         68   libspace.o
       100          0          0          0          0         80   rt_memcpy_w.o
         0          0          0          0          0          0   rtentry.o
        12          0          0          0          0          0   rtentry2.o
         6          0          0          0          0          0   rtentry4.o
         2          0          0          0          0          0   rtexit.o
        10          0          0          0          0          0   rtexit2.o
        12          4          0          0          0         68   sys_exit.o
        74          0          0          0          0         80   sys_stackheap_outer.o
         2          0          0          0          0         68   use_no_semi.o

    ----------------------------------------------------------------------
       444         16          0          0         96        656   Library Totals
         4          0          0          0          0          0   (incl. Padding)

    ----------------------------------------------------------------------

      Code (inc. data)   RO Data    RW Data    ZI Data      Debug   Library Name

       440         16          0          0         96        656   c_w.l

    ----------------------------------------------------------------------
       444         16          0          0         96        656   Library Totals

    ----------------------------------------------------------------------

==============================================================================


      Code (inc. data)   RO Data    RW Data    ZI Data      Debug   

     11708       1814      17728      22636       3340      58451   Grand Totals
     11708       1814      17728       7656       3340      58451   ELF Image Totals (compressed)
     11708       1814      17728       7656          0          0   ROM Totals

==============================================================================

    Total RO  Size (Code + RO Data)                29436 (  28.75kB)
    Total RW  Size (RW Data + ZI Data)             25976 (  25.37kB)
    Total ROM Size (Code + RO Data + RW Data)      37092 (  36.22kB)

==============================================================================

